Component: ARM Compiler 5.05 update 1 (build 106) Tool: armlink [4d0efa]

==============================================================================

Section Cross References

    startup_stm32f030x8.o(STACK) refers (Special) to heapauxi.o(.text) for __use_two_region_memory
    startup_stm32f030x8.o(HEAP) refers (Special) to heapauxi.o(.text) for __use_two_region_memory
    startup_stm32f030x8.o(RESET) refers (Special) to heapauxi.o(.text) for __use_two_region_memory
    startup_stm32f030x8.o(RESET) refers to startup_stm32f030x8.o(STACK) for __initial_sp
    startup_stm32f030x8.o(RESET) refers to startup_stm32f030x8.o(.text) for Reset_Handler
    startup_stm32f030x8.o(RESET) refers to stm32f0xx_it.o(i.NMI_Handler) for NMI_Handler
    startup_stm32f030x8.o(RESET) refers to stm32f0xx_it.o(i.HardFault_Handler) for HardFault_Handler
    startup_stm32f030x8.o(RESET) refers to stm32f0xx_it.o(i.SVC_Handler) for SVC_Handler
    startup_stm32f030x8.o(RESET) refers to stm32f0xx_it.o(i.PendSV_Handler) for PendSV_Handler
    startup_stm32f030x8.o(RESET) refers to stm32f0xx_it.o(i.SysTick_Handler) for SysTick_Handler
    startup_stm32f030x8.o(RESET) refers to stm32f0xx_it.o(i.EXTI4_15_IRQHandler) for EXTI4_15_IRQHandler
    startup_stm32f030x8.o(RESET) refers to stm32f0xx_it.o(i.I2C1_IRQHandler) for I2C1_IRQHandler
    startup_stm32f030x8.o(RESET) refers to stm32f0xx_it.o(i.USART2_IRQHandler) for USART2_IRQHandler
    startup_stm32f030x8.o(.text) refers (Special) to heapauxi.o(.text) for __use_two_region_memory
    startup_stm32f030x8.o(.text) refers to system_stm32f0xx.o(i.SystemInit) for SystemInit
    startup_stm32f030x8.o(.text) refers to __main.o(!!!main) for __main
    startup_stm32f030x8.o(.text) refers to startup_stm32f030x8.o(HEAP) for Heap_Mem
    startup_stm32f030x8.o(.text) refers to startup_stm32f030x8.o(STACK) for Stack_Mem
    system_stm32f0xx.o(i.SystemCoreClockUpdate) refers to aeabi_sdiv.o(.text) for __aeabi_uidivmod
    system_stm32f0xx.o(i.SystemCoreClockUpdate) refers to system_stm32f0xx.o(.data) for SystemCoreClock
    system_stm32f0xx.o(i.SystemCoreClockUpdate) refers to system_stm32f0xx.o(.constdata) for AHBPrescTable
    stm32f0xx_karlboard.o(i.ADCx_DeInit) refers to stm32f0xx_hal_adc.o(i.HAL_ADC_DeInit) for HAL_ADC_DeInit
    stm32f0xx_karlboard.o(i.ADCx_DeInit) refers to stm32f0xx_karlboard.o(i.ADCx_MspDeInit) for ADCx_MspDeInit
    stm32f0xx_karlboard.o(i.ADCx_DeInit) refers to stm32f0xx_karlboard.o(.bss) for hnucleo_Adc
    stm32f0xx_karlboard.o(i.ADCx_Init) refers to stm32f0xx_hal_adc.o(i.HAL_ADC_GetState) for HAL_ADC_GetState
    stm32f0xx_karlboard.o(i.ADCx_Init) refers to stm32f0xx_karlboard.o(i.ADCx_MspInit) for ADCx_MspInit
    stm32f0xx_karlboard.o(i.ADCx_Init) refers to stm32f0xx_hal_adc.o(i.HAL_ADC_Init) for HAL_ADC_Init
    stm32f0xx_karlboard.o(i.ADCx_Init) refers to stm32f0xx_hal_adc_ex.o(i.HAL_ADCEx_Calibration_Start) for HAL_ADCEx_Calibration_Start
    stm32f0xx_karlboard.o(i.ADCx_Init) refers to stm32f0xx_karlboard.o(.bss) for hnucleo_Adc
    stm32f0xx_karlboard.o(i.ADCx_MspDeInit) refers to stm32f0xx_hal_gpio.o(i.HAL_GPIO_DeInit) for HAL_GPIO_DeInit
    stm32f0xx_karlboard.o(i.ADCx_MspInit) refers to stm32f0xx_hal_gpio.o(i.HAL_GPIO_Init) for HAL_GPIO_Init
    stm32f0xx_karlboard.o(i.BSP_JOY_DeInit) refers to stm32f0xx_karlboard.o(i.ADCx_DeInit) for ADCx_DeInit
    stm32f0xx_karlboard.o(i.BSP_JOY_GetState) refers to stm32f0xx_hal_adc.o(i.HAL_ADC_Start) for HAL_ADC_Start
    stm32f0xx_karlboard.o(i.BSP_JOY_GetState) refers to stm32f0xx_hal_adc.o(i.HAL_ADC_PollForConversion) for HAL_ADC_PollForConversion
    stm32f0xx_karlboard.o(i.BSP_JOY_GetState) refers to stm32f0xx_hal_adc.o(i.HAL_ADC_GetValue) for HAL_ADC_GetValue
    stm32f0xx_karlboard.o(i.BSP_JOY_GetState) refers to stm32f0xx_karlboard.o(.bss) for hnucleo_Adc
    stm32f0xx_karlboard.o(i.BSP_JOY_Init) refers to stm32f0xx_karlboard.o(i.ADCx_Init) for ADCx_Init
    stm32f0xx_karlboard.o(i.BSP_JOY_Init) refers to stm32f0xx_hal_adc.o(i.HAL_ADC_ConfigChannel) for HAL_ADC_ConfigChannel
    stm32f0xx_karlboard.o(i.BSP_JOY_Init) refers to stm32f0xx_karlboard.o(.bss) for sConfig
    stm32f0xx_karlboard.o(i.BSP_LED_DeInit) refers to stm32f0xx_hal_gpio.o(i.HAL_GPIO_WritePin) for HAL_GPIO_WritePin
    stm32f0xx_karlboard.o(i.BSP_LED_DeInit) refers to stm32f0xx_hal_gpio.o(i.HAL_GPIO_DeInit) for HAL_GPIO_DeInit
    stm32f0xx_karlboard.o(i.BSP_LED_DeInit) refers to stm32f0xx_karlboard.o(.constdata) for LED_PIN
    stm32f0xx_karlboard.o(i.BSP_LED_DeInit) refers to stm32f0xx_karlboard.o(.data) for LED_PORT
    stm32f0xx_karlboard.o(i.BSP_LED_Init) refers to stm32f0xx_hal_gpio.o(i.HAL_GPIO_Init) for HAL_GPIO_Init
    stm32f0xx_karlboard.o(i.BSP_LED_Init) refers to stm32f0xx_karlboard.o(.constdata) for LED_PIN
    stm32f0xx_karlboard.o(i.BSP_LED_Init) refers to stm32f0xx_karlboard.o(.data) for LED_PORT
    stm32f0xx_karlboard.o(i.BSP_LED_Off) refers to stm32f0xx_hal_gpio.o(i.HAL_GPIO_WritePin) for HAL_GPIO_WritePin
[...]
    Removing phmeter.o(.revsh_text), (4 bytes).
    Removing phmeter.o(i.PHMeterCRCHandle), (2 bytes).
    Removing phmeter.o(i.PHMeterCheck), (36 bytes).
    Removing phmeter.o(i.PHMeterDataReceiveHandle), (572 bytes).
    Removing phmeter.o(i.PHMeterErrReceiveHandle), (424 bytes).
    Removing phmeter.o(i.PHMeterErrorHandle), (2 bytes).
    Removing phmeter.o(i.PHMeterReceiveHandle), (32 bytes).
    Removing phmeter.o(i.PHMeterRequestData), (48 bytes).
    Removing phmeter.o(i.PHMeterRequestORP), (76 bytes).
    Removing phmeter.o(i.PHMeterRequestORPT), (76 bytes).
    Removing phmeter.o(i.PHMeterRequestPH), (72 bytes).
    Removing phmeter.o(i.PHMeterRequestPHT), (72 bytes).
    Removing phmeter.o(i.PHMeterRequestT), (76 bytes).
    Removing phmeter.o(i.PHMeterTOHandle), (2 bytes).
    Removing phmeter.o(.bss), (9 bytes).
    Removing crc16.o(.rev16_text), (4 bytes).
    Removing crc16.o(.revsh_text), (4 bytes).
    Removing crc16.o(i.CRC16), (56 bytes).
    Removing crc16.o(.data), (512 bytes).
    Removing dissolvedoxygenmeter.o(.rev16_text), (4 bytes).
    Removing dissolvedoxygenmeter.o(.revsh_text), (4 bytes).
    Removing dissolvedoxygenmeter.o(i.DOMeterCRCHandle), (2 bytes).
    Removing dissolvedoxygenmeter.o(i.DOMeterCheck), (36 bytes).
    Removing dissolvedoxygenmeter.o(i.DOMeterDataReceiveHandle), (300 bytes).
    Removing dissolvedoxygenmeter.o(i.DOMeterDisplay), (344 bytes).
    Removing dissolvedoxygenmeter.o(i.DOMeterErrReceiveHandle), (320 bytes).
    Removing dissolvedoxygenmeter.o(i.DOMeterErrorHandle), (2 bytes).
    Removing dissolvedoxygenmeter.o(i.DOMeterReceiveHandle), (32 bytes).
    Removing dissolvedoxygenmeter.o(i.DOMeterRequestData), (60 bytes).
    Removing dissolvedoxygenmeter.o(i.DOMeterTOHandle), (2 bytes).
    Removing dissolvedoxygenmeter.o(i.DOMeterWriteReg), (88 bytes).
    Removing dissolvedoxygenmeter.o(.bss), (32 bytes).
    Removing dissolvedoxygenmeter.o(.data), (22 bytes).
    Removing delay.o(.rev16_text), (4 bytes).
    Removing delay.o(.revsh_text), (4 bytes).
    Removing delay.o(i.delay_us), (12 bytes).
    Removing sys.o(.rev16_text), (4 bytes).
    Removing sys.o(.revsh_text), (4 bytes).
    Removing sys.o(.emb_text), (16 bytes).
    Removing usart.o(.rev16_text), (4 bytes).
    Removing usart.o(.revsh_text), (4 bytes).
    Removing usart.o(i.Error_Handler), (24 bytes).
    Removing usart.o(i.uart_init), (68 bytes).
    Removing usart.o(.bss), (200 bytes).
    Removing usart.o(.data), (6 bytes).
    Removing stm32f0xx_hal_dma.o(i.__ARM_common_switch8), (28 bytes).

398 unused section(s) (total 35453 bytes) removed from the image.

==============================================================================

Image Symbol Table

    Local Symbols

    Symbol Name                              Value     Ov Type        Size  Object(Section)

    ../clib/angel/boardlib.s                 0x00000000   Number         0  boardinit1.o ABSOLUTE
    ../clib/angel/boardlib.s                 0x00000000   Number         0  boardinit2.o ABSOLUTE
    ../clib/angel/boardlib.s                 0x00000000   Number         0  boardshut.o ABSOLUTE
    ../clib/angel/boardlib.s                 0x00000000   Number         0  boardinit3.o ABSOLUTE
    ../clib/angel/handlers.s                 0x00000000   Number         0  __scatter_copy.o ABSOLUTE
    ../clib/angel/handlers.s                 0x00000000   Number         0  __scatter_zi.o ABSOLUTE
    ../clib/angel/kernel.s                   0x00000000   Number         0  rtexit2.o ABSOLUTE
    ../clib/angel/kernel.s                   0x00000000   Number         0  __rtentry4.o ABSOLUTE
    ../clib/angel/kernel.s                   0x00000000   Number         0  __rtentry2.o ABSOLUTE
    ../clib/angel/kernel.s                   0x00000000   Number         0  rtexit.o ABSOLUTE
    ../clib/angel/kernel.s                   0x00000000   Number         0  __rtentry.o ABSOLUTE
    ../clib/angel/rt.s                       0x00000000   Number         0  rt_raise.o ABSOLUTE
    ../clib/angel/rt.s                       0x00000000   Number         0  rt_div0.o ABSOLUTE
    ../clib/angel/rt.s                       0x00000000   Number         0  aeabi_idiv0_sigfpe.o ABSOLUTE
    ../clib/angel/rt.s                       0x00000000   Number         0  aeabi_idiv0.o ABSOLUTE
    ../clib/angel/scatterp.s                 0x00000000   Number         0  __scatter.o ABSOLUTE
    ../clib/angel/startup.s                  0x00000000   Number         0  __main.o ABSOLUTE
    ../clib/angel/sys.s                      0x00000000   Number         0  sys_stackheap_outer.o ABSOLUTE
    ../clib/angel/sys.s                      0x00000000   Number         0  use_no_semi_2.o ABSOLUTE
    ../clib/angel/sys.s                      0x00000000   Number         0  indicate_semi.o ABSOLUTE
    ../clib/angel/sys.s                      0x00000000   Number         0  use_no_semi.o ABSOLUTE
    ../clib/angel/sys.s                      0x00000000   Number         0  tempstk.o ABSOLUTE
    ../clib/angel/sys.s                      0x00000000   Number         0  libspace.o ABSOLUTE
    ../clib/angel/sysapp.c                   0x00000000   Number         0  sys_wrch.o ABSOLUTE
    ../clib/angel/sysapp.c                   0x00000000   Number         0  sys_command.o ABSOLUTE
    ../clib/armsys.c                         0x00000000   Number         0  argv_veneer.o ABSOLUTE
    ../clib/armsys.c                         0x00000000   Number         0  _get_argv_nomalloc.o ABSOLUTE
    ../clib/armsys.c                         0x00000000   Number         0  no_argv.o ABSOLUTE
    ../clib/division.s                       0x00000000   Number         0  aeabi_sdiv_div0.o ABSOLUTE
    ../clib/division.s                       0x00000000   Number         0  aeabi_sdiv.o ABSOLUTE
    ../clib/heapalloc.c                      0x00000000   Number         0  hrguard.o ABSOLUTE
    ../clib/heapaux.c                        0x00000000   Number         0  heapauxi.o ABSOLUTE
    ../clib/libinit.s                        0x00000000   Number         0  libinit.o ABSOLUTE
    ../clib/libinit.s                        0x00000000   Number         0  libshutdown.o ABSOLUTE
    ../clib/libinit.s                        0x00000000   Number         0  libinit2.o ABSOLUTE
    ../clib/libinit.s                        0x00000000   Number         0  libshutdown2.o ABSOLUTE
    ../clib/longlong.c                       0x00000000   Number         0  llushr.o ABSOLUTE
    ../clib/memcpset.c                       0x00000000   Number         0  rt_memclr.o ABSOLUTE
    ../clib/memcpset.c                       0x00000000   Number         0  rt_memcpy.o ABSOLUTE
    ../clib/memcpset.c                       0x00000000   Number         0  rt_memcpy.o ABSOLUTE
    ../clib/signal.c                         0x00000000   Number         0  defsig_rtmem_formal.o ABSOLUTE
    ../clib/signal.c                         0x00000000   Number         0  defsig_general.o ABSOLUTE
    ../clib/signal.c                         0x00000000   Number         0  __raise.o ABSOLUTE
    ../clib/signal.c                         0x00000000   Number         0  defsig_pvfn_inner.o ABSOLUTE
    ../clib/signal.c                         0x00000000   Number         0  defsig_cppl_inner.o ABSOLUTE
    ../clib/signal.c                         0x00000000   Number         0  defsig_segv_inner.o ABSOLUTE
    ../clib/signal.c                         0x00000000   Number         0  defsig_exit.o ABSOLUTE
    ../clib/signal.c                         0x00000000   Number         0  defsig_fpe_inner.o ABSOLUTE
    ../clib/signal.c                         0x00000000   Number         0  defsig_fpe_outer.o ABSOLUTE
    ../clib/signal.c                         0x00000000   Number         0  defsig_abrt_inner.o ABSOLUTE
    ../clib/signal.c                         0x00000000   Number         0  defsig_stak_inner.o ABSOLUTE
    ../clib/signal.c                         0x00000000   Number         0  defsig_rtred_inner.o ABSOLUTE
    ../clib/signal.c                         0x00000000   Number         0  defsig_rtmem_inner.o ABSOLUTE
    ../clib/signal.c                         0x00000000   Number         0  defsig_other.o ABSOLUTE
    ../clib/signal.c                         0x00000000   Number         0  defsig_rtmem_outer.o ABSOLUTE
    ../clib/signal.c                         0x00000000   Number         0  defsig_fpe_formal.o ABSOLUTE
    ../clib/signal.s                         0x00000000   Number         0  defsig.o ABSOLUTE
    ../clib/stdlib.c                         0x00000000   Number         0  exit.o ABSOLUTE
    ../fplib/cfplib/fpinit.c                 0x00000000   Number         0  fpinit.o ABSOLUTE
    ..\HAL\Src\stm32f0xx_hal.c               0x00000000   Number         0  stm32f0xx_hal.o ABSOLUTE
    ..\HAL\Src\stm32f0xx_hal_adc.c           0x00000000   Number         0  stm32f0xx_hal_adc.o ABSOLUTE
    ..\HAL\Src\stm32f0xx_hal_adc_ex.c        0x00000000   Number         0  stm32f0xx_hal_adc_ex.o ABSOLUTE
    ..\HAL\Src\stm32f0xx_hal_cortex.c        0x00000000   Number         0  stm32f0xx_hal_cortex.o ABSOLUTE
    ..\HAL\Src\stm32f0xx_hal_dma.c           0x00000000   Number         0  stm32f0xx_hal_dma.o ABSOLUTE
    ..\HAL\Src\stm32f0xx_hal_flash.c         0x00000000   Number         0  stm32f0xx_hal_flash.o ABSOLUTE
    ..\HAL\Src\stm32f0xx_hal_flash_ex.c      0x00000000   Number         0  stm32f0xx_hal_flash_ex.o ABSOLUTE
    ..\HAL\Src\stm32f0xx_hal_gpio.c          0x00000000   Number         0  stm32f0xx_hal_gpio.o ABSOLUTE
    ..\HAL\Src\stm32f0xx_hal_i2c.c           0x00000000   Number         0  stm32f0xx_hal_i2c.o ABSOLUTE
    ..\HAL\Src\stm32f0xx_hal_i2c_ex.c        0x00000000   Number         0  stm32f0xx_hal_i2c_ex.o ABSOLUTE
    ..\HAL\Src\stm32f0xx_hal_rcc.c           0x00000000   Number         0  stm32f0xx_hal_rcc.o ABSOLUTE
    ..\HAL\Src\stm32f0xx_hal_rcc_ex.c        0x00000000   Number         0  stm32f0xx_hal_rcc_ex.o ABSOLUTE
    ..\HAL\Src\stm32f0xx_hal_spi.c           0x00000000   Number         0  stm32f0xx_hal_spi.o ABSOLUTE
    ..\HAL\Src\stm32f0xx_hal_spi_ex.c        0x00000000   Number         0  stm32f0xx_hal_spi_ex.o ABSOLUTE
    ..\HAL\Src\stm32f0xx_hal_uart.c          0x00000000   Number         0  stm32f0xx_hal_uart.o ABSOLUTE
    ..\HAL\Src\stm32f0xx_hal_uart_ex.c       0x00000000   Number         0  stm32f0xx_hal_uart_ex.o ABSOLUTE
    ..\Hardware\CRC16\CRC16.c                0x00000000   Number         0  crc16.o ABSOLUTE
    ..\Hardware\DissolvedOxygenMeter\DissolvedOxygenMeter.c 0x00000000   Number         0  dissolvedoxygenmeter.o ABSOLUTE
    ..\Hardware\OLED\oled.c                  0x00000000   Number         0  oled.o ABSOLUTE
    ..\Hardware\PHMeter\PHMeter.c            0x00000000   Number         0  phmeter.o ABSOLUTE
    ..\Hardware\RS485\rs485.c                0x00000000   Number         0  rs485.o ABSOLUTE
    ..\SYSTEM\delay\delay.c                  0x00000000   Number         0  delay.o ABSOLUTE
    ..\SYSTEM\sys\sys.c                      0x00000000   Number         0  sys.o ABSOLUTE
    ..\SYSTEM\usart\usart.c                  0x00000000   Number         0  usart.o ABSOLUTE
    ..\SYS\system_stm32f0xx.c                0x00000000   Number         0  system_stm32f0xx.o ABSOLUTE
    ..\\HAL\\Src\\stm32f0xx_hal.c            0x00000000   Number         0  stm32f0xx_hal.o ABSOLUTE
    ..\\HAL\\Src\\stm32f0xx_hal_adc.c        0x00000000   Number         0  stm32f0xx_hal_adc.o ABSOLUTE
    ..\\HAL\\Src\\stm32f0xx_hal_adc_ex.c     0x00000000   Number         0  stm32f0xx_hal_adc_ex.o ABSOLUTE
    ..\\HAL\\Src\\stm32f0xx_hal_cortex.c     0x00000000   Number         0  stm32f0xx_hal_cortex.o ABSOLUTE
    ..\\HAL\\Src\\stm32f0xx_hal_dma.c        0x00000000   Number         0  stm32f0xx_hal_dma.o ABSOLUTE
    ..\\HAL\\Src\\stm32f0xx_hal_flash.c      0x00000000   Number         0  stm32f0xx_hal_flash.o ABSOLUTE
    ..\\HAL\\Src\\stm32f0xx_hal_flash_ex.c   0x00000000   Number         0  stm32f0xx_hal_flash_ex.o ABSOLUTE
    ..\\HAL\\Src\\stm32f0xx_hal_gpio.c       0x00000000   Number         0  stm32f0xx_hal_gpio.o ABSOLUTE
    ..\\HAL\\Src\\stm32f0xx_hal_i2c.c        0x00000000   Number         0  stm32f0xx_hal_i2c.o ABSOLUTE
    ..\\HAL\\Src\\stm32f0xx_hal_i2c_ex.c     0x00000000   Number         0  stm32f0xx_hal_i2c_ex.o ABSOLUTE
    ..\\HAL\\Src\\stm32f0xx_hal_rcc.c        0x00000000   Number         0  stm32f0xx_hal_rcc.o ABSOLUTE
    ..\\HAL\\Src\\stm32f0xx_hal_rcc_ex.c     0x00000000   Number         0  stm32f0xx_hal_rcc_ex.o ABSOLUTE
    ..\\HAL\\Src\\stm32f0xx_hal_spi.c        0x00000000   Number         0  stm32f0xx_hal_spi.o ABSOLUTE
    ..\\HAL\\Src\\stm32f0xx_hal_spi_ex.c     0x00000000   Number         0  stm32f0xx_hal_spi_ex.o ABSOLUTE
    ..\\HAL\\Src\\stm32f0xx_hal_uart.c       0x00000000   Number         0  stm32f0xx_hal_uart.o ABSOLUTE
    ..\\HAL\\Src\\stm32f0xx_hal_uart_ex.c    0x00000000   Number         0  stm32f0xx_hal_uart_ex.o ABSOLUTE
    ..\\Hardware\\CRC16\\CRC16.c             0x00000000   Number         0  crc16.o ABSOLUTE
    ..\\Hardware\\DissolvedOxygenMeter\\DissolvedOxygenMeter.c 0x00000000   Number         0  dissolvedoxygenmeter.o ABSOLUTE
    ..\\Hardware\\OLED\\oled.c               0x00000000   Number         0  oled.o ABSOLUTE
    ..\\Hardware\\PHMeter\\PHMeter.c         0x00000000   Number         0  phmeter.o ABSOLUTE
    ..\\Hardware\\RS485\\rs485.c             0x00000000   Number         0  rs485.o ABSOLUTE
    ..\\SYSTEM\\delay\\delay.c               0x00000000   Number         0  delay.o ABSOLUTE
    ..\\SYSTEM\\sys\\sys.c                   0x00000000   Number         0  sys.o ABSOLUTE
    ..\\SYSTEM\\usart\\usart.c               0x00000000   Number         0  usart.o ABSOLUTE
    ..\\SYS\\system_stm32f0xx.c              0x00000000   Number         0  system_stm32f0xx.o ABSOLUTE
    dc.s                                     0x00000000   Number         0  dc.o ABSOLUTE
    i2c.c                                    0x00000000   Number         0  i2c.o ABSOLUTE
    i2c.c                                    0x00000000   Number         0  i2c.o ABSOLUTE
    main.c                                   0x00000000   Number         0  main.o ABSOLUTE
    main.c                                   0x00000000   Number         0  main.o ABSOLUTE
    startup_stm32f030x8.s                    0x00000000   Number         0  startup_stm32f030x8.o ABSOLUTE
    stm32f0xx_hal_msp.c                      0x00000000   Number         0  stm32f0xx_hal_msp.o ABSOLUTE
    stm32f0xx_hal_msp.c                      0x00000000   Number         0  stm32f0xx_hal_msp.o ABSOLUTE
    stm32f0xx_it.c                           0x00000000   Number         0  stm32f0xx_it.o ABSOLUTE
    stm32f0xx_it.c                           0x00000000   Number         0  stm32f0xx_it.o ABSOLUTE
    stm32f0xx_karlboard.c                    0x00000000   Number         0  stm32f0xx_karlboard.o ABSOLUTE
    stm32f0xx_karlboard.c                    0x00000000   Number         0  stm32f0xx_karlboard.o ABSOLUTE
    RESET                                    0x08000000   Section      180  startup_stm32f030x8.o(RESET)
    !!!main                                  0x080000b4   Section        8  __main.o(!!!main)
    !!!scatter                               0x080000bc   Section       60  __scatter.o(!!!scatter)
    !!handler_copy                           0x080000f8   Section       26  __scatter_copy.o(!!handler_copy)
    !!handler_zi                             0x08000114   Section       28  __scatter_zi.o(!!handler_zi)
    .ARM.Collect$$libinit$$00000000          0x08000130   Section        2  libinit.o(.ARM.Collect$$libinit$$00000000)
    .ARM.Collect$$libinit$$00000002          0x08000132   Section        0  libinit2.o(.ARM.Collect$$libinit$$00000002)
    .ARM.Collect$$libinit$$00000004          0x08000132   Section        0  libinit2.o(.ARM.Collect$$libinit$$00000004)
    .ARM.Collect$$libinit$$0000000A          0x08000132   Section        0  libinit2.o(.ARM.Collect$$libinit$$0000000A)
    .ARM.Collect$$libinit$$0000000C          0x08000132   Section        0  libinit2.o(.ARM.Collect$$libinit$$0000000C)
    .ARM.Collect$$libinit$$0000000E          0x08000132   Section        0  libinit2.o(.ARM.Collect$$libinit$$0000000E)
    .ARM.Collect$$libinit$$00000011          0x08000132   Section        0  libinit2.o(.ARM.Collect$$libinit$$00000011)
    .ARM.Collect$$libinit$$00000013          0x08000132   Section        0  libinit2.o(.ARM.Collect$$libinit$$00000013)
    .ARM.Collect$$libinit$$00000015          0x08000132   Section        0  libinit2.o(.ARM.Collect$$libinit$$00000015)
    .ARM.Collect$$libinit$$00000017          0x08000132   Section        0  libinit2.o(.ARM.Collect$$libinit$$00000017)
    .ARM.Collect$$libinit$$00000019          0x08000132   Section        0  libinit2.o(.ARM.Collect$$libinit$$00000019)
    .ARM.Collect$$libinit$$0000001B          0x08000132   Section        0  libinit2.o(.ARM.Collect$$libinit$$0000001B)
    .ARM.Collect$$libinit$$0000001D          0x08000132   Section        0  libinit2.o(.ARM.Collect$$libinit$$0000001D)
    .ARM.Collect$$libinit$$0000001F          0x08000132   Section        0  libinit2.o(.ARM.Collect$$libinit$$0000001F)
    .ARM.Collect$$libinit$$00000021          0x08000132   Section        0  libinit2.o(.ARM.Collect$$libinit$$00000021)
    .ARM.Collect$$libinit$$00000023          0x08000132   Section        0  libinit2.o(.ARM.Collect$$libinit$$00000023)
    .ARM.Collect$$libinit$$00000025          0x08000132   Section        0  libinit2.o(.ARM.Collect$$libinit$$00000025)
    .ARM.Collect$$libinit$$0000002C          0x08000132   Section        0  libinit2.o(.ARM.Collect$$libinit$$0000002C)
    .ARM.Collect$$libinit$$0000002E          0x08000132   Section        0  libinit2.o(.ARM.Collect$$libinit$$0000002E)
    .ARM.Collect$$libinit$$00000030          0x08000132   Section        0  libinit2.o(.ARM.Collect$$libinit$$00000030)
    .ARM.Collect$$libinit$$00000032          0x08000132   Section        0  libinit2.o(.ARM.Collect$$libinit$$00000032)
    .ARM.Collect$$libinit$$00000033          0x08000132   Section        2  libinit2.o(.ARM.Collect$$libinit$$00000033)
    .ARM.Collect$$libshutdown$$00000000      0x08000134   Section        2  libshutdown.o(.ARM.Collect$$libshutdown$$00000000)
    .ARM.Collect$$libshutdown$$00000003      0x08000136   Section        0  libshutdown2.o(.ARM.Collect$$libshutdown$$00000003)
    .ARM.Collect$$libshutdown$$00000006      0x08000136   Section        0  libshutdown2.o(.ARM.Collect$$libshutdown$$00000006)
    .ARM.Collect$$libshutdown$$00000009      0x08000136   Section        0  libshutdown2.o(.ARM.Collect$$libshutdown$$00000009)
    .ARM.Collect$$libshutdown$$0000000B      0x08000136   Section        0  libshutdown2.o(.ARM.Collect$$libshutdown$$0000000B)
    .ARM.Collect$$libshutdown$$0000000E      0x08000136   Section        0  libshutdown2.o(.ARM.Collect$$libshutdown$$0000000E)
    .ARM.Collect$$libshutdown$$0000000F      0x08000136   Section        2  libshutdown2.o(.ARM.Collect$$libshutdown$$0000000F)
    .ARM.Collect$$rtentry$$00000000          0x08000138   Section        0  __rtentry.o(.ARM.Collect$$rtentry$$00000000)
    .ARM.Collect$$rtentry$$00000002          0x08000138   Section        0  __rtentry2.o(.ARM.Collect$$rtentry$$00000002)
    .ARM.Collect$$rtentry$$00000004          0x08000138   Section        6  __rtentry4.o(.ARM.Collect$$rtentry$$00000004)
    .ARM.Collect$$rtentry$$00000009          0x0800013e   Section        0  __rtentry2.o(.ARM.Collect$$rtentry$$00000009)
    .ARM.Collect$$rtentry$$0000000A          0x0800013e   Section        4  __rtentry2.o(.ARM.Collect$$rtentry$$0000000A)
    .ARM.Collect$$rtentry$$0000000C          0x08000142   Section        0  __rtentry2.o(.ARM.Collect$$rtentry$$0000000C)
    .ARM.Collect$$rtentry$$0000000D          0x08000142   Section        8  __rtentry2.o(.ARM.Collect$$rtentry$$0000000D)
    .ARM.Collect$$rtexit$$00000000           0x0800014a   Section        2  rtexit.o(.ARM.Collect$$rtexit$$00000000)
    .ARM.Collect$$rtexit$$00000002           0x0800014c   Section        0  rtexit2.o(.ARM.Collect$$rtexit$$00000002)
    .ARM.Collect$$rtexit$$00000003           0x0800014c   Section        4  rtexit2.o(.ARM.Collect$$rtexit$$00000003)
    .ARM.Collect$$rtexit$$00000004           0x08000150   Section        6  rtexit2.o(.ARM.Collect$$rtexit$$00000004)
    .emb_text                                0x08000158   Section       56  rt_memcpy.o(.emb_text)
    .text                                    0x08000190   Section       56  startup_stm32f030x8.o(.text)
    .text                                    0x080001c8   Section        2  use_no_semi_2.o(.text)
    .text                                    0x080001ca   Section        0  rt_memclr.o(.text)
    .text                                    0x0800020a   Section      346  aeabi_sdiv.o(.text)
    .text                                    0x08000364   Section        0  heapauxi.o(.text)
    .text                                    0x0800036a   Section        2  use_no_semi.o(.text)
    .text                                    0x0800036c   Section       62  sys_stackheap_outer.o(.text)
    .text                                    0x080003aa   Section        0  exit.o(.text)
    .text                                    0x080003b8   Section        8  libspace.o(.text)
    i.BSP_LED_Init                           0x080003c0   Section        0  stm32f0xx_karlboard.o(i.BSP_LED_Init)
    i.BSP_LED_On                             0x08000460   Section        0  stm32f0xx_karlboard.o(i.BSP_LED_On)
    i.BSP_LED_Toggle                         0x08000480   Section        0  stm32f0xx_karlboard.o(i.BSP_LED_Toggle)
    i.BSP_PB_Init                            0x080004a0   Section        0  stm32f0xx_karlboard.o(i.BSP_PB_Init)
    i.EXTI4_15_IRQHandler                    0x08000558   Section        0  stm32f0xx_it.o(i.EXTI4_15_IRQHandler)
    i.Error_Handler                          0x0800056c   Section        0  main.o(i.Error_Handler)
    Error_Handler                            0x0800056d   Thumb Code     4  main.o(i.Error_Handler)
    i.Error_Handler                          0x08000570   Section        0  rs485.o(i.Error_Handler)
    Error_Handler                            0x08000571   Thumb Code    24  rs485.o(i.Error_Handler)
    i.HAL_DMA_Abort_IT                       0x08000588   Section        0  stm32f0xx_hal_dma.o(i.HAL_DMA_Abort_IT)
    i.HAL_Delay                              0x080005e0   Section        0  stm32f0xx_hal.o(i.HAL_Delay)
    i.HAL_GPIO_DeInit                        0x080005fc   Section        0  stm32f0xx_hal_gpio.o(i.HAL_GPIO_DeInit)
    i.HAL_GPIO_EXTI_Callback                 0x08000708   Section        0  main.o(i.HAL_GPIO_EXTI_Callback)
    i.HAL_GPIO_EXTI_IRQHandler               0x0800071c   Section        0  stm32f0xx_hal_gpio.o(i.HAL_GPIO_EXTI_IRQHandler)
    i.HAL_GPIO_Init                          0x0800073c   Section        0  stm32f0xx_hal_gpio.o(i.HAL_GPIO_Init)
    i.HAL_GPIO_ReadPin                       0x0800092c   Section        0  stm32f0xx_hal_gpio.o(i.HAL_GPIO_ReadPin)
    i.HAL_GPIO_TogglePin                     0x0800093e   Section        0  stm32f0xx_hal_gpio.o(i.HAL_GPIO_TogglePin)
    i.HAL_GPIO_WritePin                      0x08000946   Section        0  stm32f0xx_hal_gpio.o(i.HAL_GPIO_WritePin)
    i.HAL_GetTick                            0x08000954   Section        0  stm32f0xx_hal.o(i.HAL_GetTick)
    i.HAL_I2C_AbortCpltCallback              0x08000960   Section        0  stm32f0xx_hal_i2c.o(i.HAL_I2C_AbortCpltCallback)
    i.HAL_I2C_AddrCallback                   0x08000962   Section        0  stm32f0xx_hal_i2c.o(i.HAL_I2C_AddrCallback)
    i.HAL_I2C_ER_IRQHandler                  0x08000964   Section        0  stm32f0xx_hal_i2c.o(i.HAL_I2C_ER_IRQHandler)
    i.HAL_I2C_EV_IRQHandler                  0x080009e4   Section        0  stm32f0xx_hal_i2c.o(i.HAL_I2C_EV_IRQHandler)
    i.HAL_I2C_ErrorCallback                  0x08000a02   Section        0  stm32f0xx_hal_i2c.o(i.HAL_I2C_ErrorCallback)
    i.HAL_I2C_ListenCpltCallback             0x08000a04   Section        0  stm32f0xx_hal_i2c.o(i.HAL_I2C_ListenCpltCallback)
    i.HAL_I2C_SlaveRxCpltCallback            0x08000a06   Section        0  stm32f0xx_hal_i2c.o(i.HAL_I2C_SlaveRxCpltCallback)
    i.HAL_I2C_SlaveTxCpltCallback            0x08000a08   Section        0  stm32f0xx_hal_i2c.o(i.HAL_I2C_SlaveTxCpltCallback)
    i.HAL_IncTick                            0x08000a0c   Section        0  stm32f0xx_hal.o(i.HAL_IncTick)
    i.HAL_Init                               0x08000a1c   Section        0  stm32f0xx_hal.o(i.HAL_Init)
    i.HAL_InitTick                           0x08000a3c   Section        0  stm32f0xx_hal.o(i.HAL_InitTick)
    i.HAL_MspInit                            0x08000a62   Section        0  stm32f0xx_hal.o(i.HAL_MspInit)
    i.HAL_NVIC_DisableIRQ                    0x08000a64   Section        0  stm32f0xx_hal_cortex.o(i.HAL_NVIC_DisableIRQ)
    i.HAL_NVIC_EnableIRQ                     0x08000a7c   Section        0  stm32f0xx_hal_cortex.o(i.HAL_NVIC_EnableIRQ)
    i.HAL_NVIC_SetPriority                   0x08000a94   Section        0  stm32f0xx_hal_cortex.o(i.HAL_NVIC_SetPriority)
    i.HAL_RCC_ClockConfig                    0x08000aa8   Section        0  stm32f0xx_hal_rcc.o(i.HAL_RCC_ClockConfig)
    i.HAL_RCC_GetHCLKFreq                    0x08000c3c   Section        0  stm32f0xx_hal_rcc.o(i.HAL_RCC_GetHCLKFreq)
    i.HAL_RCC_GetPCLK1Freq                   0x08000c48   Section        0  stm32f0xx_hal_rcc.o(i.HAL_RCC_GetPCLK1Freq)
    i.HAL_RCC_GetSysClockFreq                0x08000c6c   Section        0  stm32f0xx_hal_rcc.o(i.HAL_RCC_GetSysClockFreq)
    i.HAL_RCC_OscConfig                      0x08000d30   Section        0  stm32f0xx_hal_rcc.o(i.HAL_RCC_OscConfig)
    i.HAL_RS485_2_MspDeInit                  0x0800127c   Section        0  stm32f0xx_hal_msp.o(i.HAL_RS485_2_MspDeInit)
    i.HAL_RS485_2_MspInit                    0x080012bc   Section        0  stm32f0xx_hal_msp.o(i.HAL_RS485_2_MspInit)
    i.HAL_SPI_DeInit                         0x08001364   Section        0  stm32f0xx_hal_spi.o(i.HAL_SPI_DeInit)
    i.HAL_SPI_GetState                       0x0800139e   Section        0  stm32f0xx_hal_spi.o(i.HAL_SPI_GetState)
    i.HAL_SPI_Init                           0x080013a6   Section        0  stm32f0xx_hal_spi.o(i.HAL_SPI_Init)
    i.HAL_SPI_MspDeInit                      0x08001482   Section        0  stm32f0xx_hal_spi.o(i.HAL_SPI_MspDeInit)
    i.HAL_SPI_MspInit                        0x08001484   Section        0  stm32f0xx_hal_spi.o(i.HAL_SPI_MspInit)
    i.HAL_SPI_Transmit                       0x08001486   Section        0  stm32f0xx_hal_spi.o(i.HAL_SPI_Transmit)
    i.HAL_SPI_TransmitReceive                0x08001654   Section        0  stm32f0xx_hal_spi.o(i.HAL_SPI_TransmitReceive)
    i.HAL_SYSTICK_Config                     0x08001910   Section        0  stm32f0xx_hal_cortex.o(i.HAL_SYSTICK_Config)
    i.HAL_UART_DeInit                        0x08001948   Section        0  stm32f0xx_hal_uart.o(i.HAL_UART_DeInit)
    i.HAL_UART_ErrorCallback                 0x080019a8   Section        0  rs485.o(i.HAL_UART_ErrorCallback)
    i.HAL_UART_IRQHandler                    0x080019ac   Section        0  stm32f0xx_hal_uart.o(i.HAL_UART_IRQHandler)
    i.HAL_UART_Init                          0x08001b40   Section        0  stm32f0xx_hal_uart.o(i.HAL_UART_Init)
    i.HAL_UART_MspDeInit                     0x08001bd8   Section        0  stm32f0xx_hal_msp.o(i.HAL_UART_MspDeInit)
    i.HAL_UART_MspInit                       0x08001c1c   Section        0  stm32f0xx_hal_msp.o(i.HAL_UART_MspInit)
    i.HAL_UART_Receive_IT                    0x08001cc8   Section        0  stm32f0xx_hal_uart.o(i.HAL_UART_Receive_IT)
    i.HAL_UART_RxCpltCallback                0x08001d94   Section        0  rs485.o(i.HAL_UART_RxCpltCallback)
    i.HAL_UART_TxCpltCallback                0x08001ddc   Section        0  rs485.o(i.HAL_UART_TxCpltCallback)
    i.HardFault_Handler                      0x08001de8   Section        0  stm32f0xx_it.o(i.HardFault_Handler)
    i.I2C1_IRQHandler                        0x08001dec   Section        0  stm32f0xx_it.o(i.I2C1_IRQHandler)
    i.I2C_DMAAbort                           0x08001e00   Section        0  stm32f0xx_hal_i2c.o(i.I2C_DMAAbort)
    I2C_DMAAbort                             0x08001e01   Thumb Code    60  stm32f0xx_hal_i2c.o(i.I2C_DMAAbort)
    i.I2C_Disable_IRQ                        0x08001e3c   Section        0  stm32f0xx_hal_i2c.o(i.I2C_Disable_IRQ)
    I2C_Disable_IRQ                          0x08001e3d   Thumb Code   126  stm32f0xx_hal_i2c.o(i.I2C_Disable_IRQ)
    i.I2C_Flush_TXDR                         0x08001eba   Section        0  stm32f0xx_hal_i2c.o(i.I2C_Flush_TXDR)
    I2C_Flush_TXDR                           0x08001ebb   Thumb Code    50  stm32f0xx_hal_i2c.o(i.I2C_Flush_TXDR)
    i.I2C_ITAddrCplt                         0x08001eec   Section        0  stm32f0xx_hal_i2c.o(i.I2C_ITAddrCplt)
    I2C_ITAddrCplt                           0x08001eed   Thumb Code   214  stm32f0xx_hal_i2c.o(i.I2C_ITAddrCplt)
    i.I2C_ITError                            0x08001fc4   Section        0  stm32f0xx_hal_i2c.o(i.I2C_ITError)
    I2C_ITError                              0x08001fc5   Thumb Code   268  stm32f0xx_hal_i2c.o(i.I2C_ITError)
    i.I2C_ITListenCplt                       0x080020dc   Section        0  stm32f0xx_hal_i2c.o(i.I2C_ITListenCplt)
    I2C_ITListenCplt                         0x080020dd   Thumb Code   110  stm32f0xx_hal_i2c.o(i.I2C_ITListenCplt)
    i.I2C_ITSlaveCplt                        0x08002150   Section        0  stm32f0xx_hal_i2c.o(i.I2C_ITSlaveCplt)
    I2C_ITSlaveCplt                          0x08002151   Thumb Code   308  stm32f0xx_hal_i2c.o(i.I2C_ITSlaveCplt)
    i.I2C_ITSlaveSequentialCplt              0x0800228c   Section        0  stm32f0xx_hal_i2c.o(i.I2C_ITSlaveSequentialCplt)
    I2C_ITSlaveSequentialCplt                0x0800228d   Thumb Code    98  stm32f0xx_hal_i2c.o(i.I2C_ITSlaveSequentialCplt)
    i.I2C_Slave_ISR_IT                       0x080022f0   Section        0  stm32f0xx_hal_i2c.o(i.I2C_Slave_ISR_IT)
    I2C_Slave_ISR_IT                         0x080022f1   Thumb Code   348  stm32f0xx_hal_i2c.o(i.I2C_Slave_ISR_IT)
    i.IIC_Start                              0x08002450   Section        0  oled.o(i.IIC_Start)
    i.IIC_Stop                               0x08002484   Section        0  oled.o(i.IIC_Stop)
    i.IIC_Wait_Ack                           0x080024ac   Section        0  oled.o(i.IIC_Wait_Ack)
    i.NMI_Handler                            0x080024cc   Section        0  stm32f0xx_it.o(i.NMI_Handler)
    i.NRF24L01_Check                         0x080024d0   Section        0  stm32f0xx_karlboard.o(i.NRF24L01_Check)
    i.NRF24L01_RX_Mode                       0x0800251c   Section        0  stm32f0xx_karlboard.o(i.NRF24L01_RX_Mode)
    i.NRF24L01_Read_Buf                      0x08002578   Section        0  stm32f0xx_karlboard.o(i.NRF24L01_Read_Buf)
    i.NRF24L01_Read_Reg                      0x080025c6   Section        0  stm32f0xx_karlboard.o(i.NRF24L01_Read_Reg)
    i.NRF24L01_RxPacket                      0x080025fe   Section        0  stm32f0xx_karlboard.o(i.NRF24L01_RxPacket)
    i.NRF24L01_TX_Mode                       0x08002634   Section        0  stm32f0xx_karlboard.o(i.NRF24L01_TX_Mode)
    i.NRF24L01_TxPacket                      0x080026a0   Section        0  stm32f0xx_karlboard.o(i.NRF24L01_TxPacket)
    i.NRF24L01_Write_Buf                     0x08002710   Section        0  stm32f0xx_karlboard.o(i.NRF24L01_Write_Buf)
    i.NRF24L01_Write_Reg                     0x08002756   Section        0  stm32f0xx_karlboard.o(i.NRF24L01_Write_Reg)
    i.NRF_IO_Init                            0x0800278c   Section        0  stm32f0xx_karlboard.o(i.NRF_IO_Init)
    i.NRF_SPI_Init                           0x080028d8   Section        0  stm32f0xx_karlboard.o(i.NRF_SPI_Init)
    i.NVIC_SetPriority                       0x0800291c   Section        0  stm32f0xx_hal_cortex.o(i.NVIC_SetPriority)
    NVIC_SetPriority                         0x0800291d   Thumb Code   110  stm32f0xx_hal_cortex.o(i.NVIC_SetPriority)
    i.OLED_Clear                             0x08002994   Section        0  oled.o(i.OLED_Clear)
    i.OLED_Init                              0x080029d4   Section        0  oled.o(i.OLED_Init)
    i.OLED_Set_Pos                           0x08002b10   Section        0  oled.o(i.OLED_Set_Pos)
    i.OLED_ShowChar                          0x08002b3c   Section        0  oled.o(i.OLED_ShowChar)
    i.OLED_ShowNum                           0x08002bd8   Section        0  oled.o(i.OLED_ShowNum)
    i.OLED_ShowString                        0x08002c6a   Section        0  oled.o(i.OLED_ShowString)
    i.OLED_WR_Byte                           0x08002ca2   Section        0  oled.o(i.OLED_WR_Byte)
    i.PHMeterDisplay                         0x08002cbc   Section        0  phmeter.o(i.PHMeterDisplay)
    i.PendSV_Handler                         0x08002dd4   Section        0  stm32f0xx_it.o(i.PendSV_Handler)
    i.RS485_Init                             0x08002dd8   Section        0  rs485.o(i.RS485_Init)
    i.RS485_Receive_Data                     0x08002e20   Section        0  rs485.o(i.RS485_Receive_Data)
    i.SPI_EndRxTxTransaction                 0x08002e40   Section        0  stm32f0xx_hal_spi.o(i.SPI_EndRxTxTransaction)
    SPI_EndRxTxTransaction                   0x08002e41   Thumb Code    74  stm32f0xx_hal_spi.o(i.SPI_EndRxTxTransaction)
    i.SPI_WaitFifoStateUntilTimeout          0x08002e8c   Section        0  stm32f0xx_hal_spi.o(i.SPI_WaitFifoStateUntilTimeout)
    SPI_WaitFifoStateUntilTimeout            0x08002e8d   Thumb Code   182  stm32f0xx_hal_spi.o(i.SPI_WaitFifoStateUntilTimeout)
    i.SPI_WaitFlagStateUntilTimeout          0x08002f48   Section        0  stm32f0xx_hal_spi.o(i.SPI_WaitFlagStateUntilTimeout)
    SPI_WaitFlagStateUntilTimeout            0x08002f49   Thumb Code   170  stm32f0xx_hal_spi.o(i.SPI_WaitFlagStateUntilTimeout)
    i.SPIx_Error                             0x08002ff8   Section        0  stm32f0xx_karlboard.o(i.SPIx_Error)
    SPIx_Error                               0x08002ff9   Thumb Code    14  stm32f0xx_karlboard.o(i.SPIx_Error)
    i.SPIx_Init                              0x0800300c   Section        0  stm32f0xx_karlboard.o(i.SPIx_Init)
    SPIx_Init                                0x0800300d   Thumb Code    86  stm32f0xx_karlboard.o(i.SPIx_Init)
    i.SPIx_MspInit                           0x0800306c   Section        0  stm32f0xx_karlboard.o(i.SPIx_MspInit)
    SPIx_MspInit                             0x0800306d   Thumb Code   166  stm32f0xx_karlboard.o(i.SPIx_MspInit)
    i.SPIx_Write                             0x0800311c   Section        0  stm32f0xx_karlboard.o(i.SPIx_Write)
    SPIx_Write                               0x0800311d   Thumb Code    36  stm32f0xx_karlboard.o(i.SPIx_Write)
    i.SPIx_WriteByte                         0x08003148   Section        0  stm32f0xx_karlboard.o(i.SPIx_WriteByte)
    SPIx_WriteByte                           0x08003149   Thumb Code    14  stm32f0xx_karlboard.o(i.SPIx_WriteByte)
    i.SPIx_WriteData                         0x08003158   Section        0  stm32f0xx_karlboard.o(i.SPIx_WriteData)
    SPIx_WriteData                           0x08003159   Thumb Code    34  stm32f0xx_karlboard.o(i.SPIx_WriteData)
    i.SPIx_WriteReadData                     0x08003184   Section        0  stm32f0xx_karlboard.o(i.SPIx_WriteReadData)
    SPIx_WriteReadData                       0x08003185   Thumb Code    40  stm32f0xx_karlboard.o(i.SPIx_WriteReadData)
    i.SVC_Handler                            0x080031b4   Section        0  stm32f0xx_it.o(i.SVC_Handler)
    i.SysTick_Handler                        0x080031b6   Section        0  stm32f0xx_it.o(i.SysTick_Handler)
    i.SystemClock_Config                     0x080031be   Section        0  main.o(i.SystemClock_Config)
    SystemClock_Config                       0x080031bf   Thumb Code    72  main.o(i.SystemClock_Config)
    i.SystemInit                             0x08003208   Section        0  system_stm32f0xx.o(i.SystemInit)
    i.UART_AdvFeatureConfig                  0x0800327c   Section        0  stm32f0xx_hal_uart.o(i.UART_AdvFeatureConfig)
    i.UART_CheckIdleState                    0x0800336c   Section        0  stm32f0xx_hal_uart.o(i.UART_CheckIdleState)
    i.UART_DMAAbortOnError                   0x0800338a   Section        0  stm32f0xx_hal_uart.o(i.UART_DMAAbortOnError)
    UART_DMAAbortOnError                     0x0800338b   Thumb Code    24  stm32f0xx_hal_uart.o(i.UART_DMAAbortOnError)
    i.UART_EndRxTransfer                     0x080033a2   Section        0  stm32f0xx_hal_uart.o(i.UART_EndRxTransfer)
    UART_EndRxTransfer                       0x080033a3   Thumb Code    34  stm32f0xx_hal_uart.o(i.UART_EndRxTransfer)
    i.UART_EndTransmit_IT                    0x080033c4   Section        0  stm32f0xx_hal_uart.o(i.UART_EndTransmit_IT)
    i.UART_Receive_IT                        0x080033e4   Section        0  stm32f0xx_hal_uart.o(i.UART_Receive_IT)
    i.UART_SetConfig                         0x08003488   Section        0  stm32f0xx_hal_uart.o(i.UART_SetConfig)
    i.UART_Transmit_IT                       0x0800366c   Section        0  stm32f0xx_hal_uart.o(i.UART_Transmit_IT)
    i.USART2_IRQHandler                      0x080036e0   Section        0  stm32f0xx_it.o(i.USART2_IRQHandler)
    i.Write_IIC_Byte                         0x080036f0   Section        0  oled.o(i.Write_IIC_Byte)
    i.Write_IIC_Command                      0x08003750   Section        0  oled.o(i.Write_IIC_Command)
    i.Write_IIC_Data                         0x0800377c   Section        0  oled.o(i.Write_IIC_Data)
    i._sys_exit                              0x080037a8   Section        0  usart.o(i._sys_exit)
    i.delay_ms                               0x080037ae   Section        0  delay.o(i.delay_ms)
    i.main                                   0x080037bc   Section        0  main.o(i.main)
    i.oled_pow                               0x08003918   Section        0  oled.o(i.oled_pow)
    .constdata                               0x08003932   Section       24  system_stm32f0xx.o(.constdata)
    .constdata                               0x0800394a   Section       28  stm32f0xx_karlboard.o(.constdata)
    .constdata                               0x08003966   Section     2072  oled.o(.constdata)
    .data                                    0x20000000   Section        4  system_stm32f0xx.o(.data)
    .data                                    0x20000004   Section       33  stm32f0xx_karlboard.o(.data)
    key_up                                   0x20000024   Data           1  stm32f0xx_karlboard.o(.data)
    .data                                    0x20000028   Section        4  main.o(.data)
    .data                                    0x2000002c   Section        4  stm32f0xx_hal.o(.data)
    .data                                    0x20000030   Section       10  rs485.o(.data)
    .data                                    0x2000003a   Section       26  phmeter.o(.data)
    .bss                                     0x20000054   Section      264  stm32f0xx_karlboard.o(.bss)
    hnucleo_Spi                              0x20000054   Data         100  stm32f0xx_karlboard.o(.bss)
    hnucleo_I2c1                             0x200000b8   Data          76  stm32f0xx_karlboard.o(.bss)
    hnucleo_Adc                              0x20000104   Data          76  stm32f0xx_karlboard.o(.bss)
    sConfig                                  0x20000150   Data          12  stm32f0xx_karlboard.o(.bss)
    .bss                                     0x2000015c   Section       76  main.o(.bss)
    .bss                                     0x200001a8   Section      432  rs485.o(.bss)
    .bss                                     0x20000358   Section       96  libspace.o(.bss)
    HEAP                                     0x200003b8   Section      512  startup_stm32f030x8.o(HEAP)
    Heap_Mem                                 0x200003b8   Data         512  startup_stm32f030x8.o(HEAP)
    STACK                                    0x200005b8   Section     1024  startup_stm32f030x8.o(STACK)
    Stack_Mem                                0x200005b8   Data        1024  startup_stm32f030x8.o(STACK)
    __initial_sp                             0x200009b8   Data           0  startup_stm32f030x8.o(STACK)

    Global Symbols

    Symbol Name                              Value     Ov Type        Size  Object(Section)

    BuildAttributes$$THM_ISAv3M$S$PE$A:L22$X:L11$S22$IEEE1$IW$USESV6$~STKCKD$USESV7$~SHL$OSPACE$ROPI$EBA8$UX$STANDARDLIB$REQ8$PRES8$EABIv2 0x00000000   Number         0  anon$$obj.o ABSOLUTE
    __ARM_use_no_argv                        0x00000000   Number         0  main.o ABSOLUTE
    __ARM_exceptions_init                     - Undefined Weak Reference
    __alloca_initialize                       - Undefined Weak Reference
    __arm_preinit_                            - Undefined Weak Reference
    __cpp_initialize__aeabi_                  - Undefined Weak Reference
    __cxa_finalize                            - Undefined Weak Reference
    __rt_locale                               - Undefined Weak Reference
    __sigvec_lookup                           - Undefined Weak Reference
    _atexit_init                              - Undefined Weak Reference
    _call_atexit_fns                          - Undefined Weak Reference
    _clock_init                               - Undefined Weak Reference
    _fp_trap_init                             - Undefined Weak Reference
    _fp_trap_shutdown                         - Undefined Weak Reference
    _get_lc_collate                           - Undefined Weak Reference
    _get_lc_ctype                             - Undefined Weak Reference
    _get_lc_monetary                          - Undefined Weak Reference
    _get_lc_numeric                           - Undefined Weak Reference
    _get_lc_time                              - Undefined Weak Reference
    _getenv_init                              - Undefined Weak Reference
    _handle_redirection                       - Undefined Weak Reference
    _init_alloc                               - Undefined Weak Reference
    _init_user_alloc                          - Undefined Weak Reference
    _initio                                   - Undefined Weak Reference
    _rand_init                                - Undefined Weak Reference
    _signal_finish                            - Undefined Weak Reference
    _signal_init                              - Undefined Weak Reference
    _terminate_alloc                          - Undefined Weak Reference
    _terminate_user_alloc                     - Undefined Weak Reference
    _terminateio                              - Undefined Weak Reference
    __Vectors_Size                           0x000000b4   Number         0  startup_stm32f030x8.o ABSOLUTE
    __Vectors                                0x08000000   Data           4  startup_stm32f030x8.o(RESET)
    __Vectors_End                            0x080000b4   Data           0  startup_stm32f030x8.o(RESET)
    __main                                   0x080000b5   Thumb Code     8  __main.o(!!!main)
    __scatterload                            0x080000bd   Thumb Code     0  __scatter.o(!!!scatter)
    __scatterload_rt2                        0x080000bd   Thumb Code    52  __scatter.o(!!!scatter)
    __scatterload_rt2_thumb_only             0x080000bd   Thumb Code     0  __scatter.o(!!!scatter)
    __scatterload_null                       0x080000cd   Thumb Code     0  __scatter.o(!!!scatter)
    __scatterload_copy                       0x080000f9   Thumb Code    26  __scatter_copy.o(!!handler_copy)
    __scatterload_zeroinit                   0x08000115   Thumb Code    28  __scatter_zi.o(!!handler_zi)
    __rt_lib_init                            0x08000131   Thumb Code     0  libinit.o(.ARM.Collect$$libinit$$00000000)
    __rt_lib_init_alloca_1                   0x08000133   Thumb Code     0  libinit2.o(.ARM.Collect$$libinit$$0000002E)
    __rt_lib_init_argv_1                     0x08000133   Thumb Code     0  libinit2.o(.ARM.Collect$$libinit$$0000002C)
    __rt_lib_init_atexit_1                   0x08000133   Thumb Code     0  libinit2.o(.ARM.Collect$$libinit$$0000001B)
    __rt_lib_init_clock_1                    0x08000133   Thumb Code     0  libinit2.o(.ARM.Collect$$libinit$$00000021)
    __rt_lib_init_cpp_1                      0x08000133   Thumb Code     0  libinit2.o(.ARM.Collect$$libinit$$00000032)
    __rt_lib_init_exceptions_1               0x08000133   Thumb Code     0  libinit2.o(.ARM.Collect$$libinit$$00000030)
    __rt_lib_init_fp_1                       0x08000133   Thumb Code     0  libinit2.o(.ARM.Collect$$libinit$$00000002)
    __rt_lib_init_fp_trap_1                  0x08000133   Thumb Code     0  libinit2.o(.ARM.Collect$$libinit$$0000001F)
    __rt_lib_init_getenv_1                   0x08000133   Thumb Code     0  libinit2.o(.ARM.Collect$$libinit$$00000023)
    __rt_lib_init_heap_1                     0x08000133   Thumb Code     0  libinit2.o(.ARM.Collect$$libinit$$0000000A)
    __rt_lib_init_lc_collate_1               0x08000133   Thumb Code     0  libinit2.o(.ARM.Collect$$libinit$$00000011)
    __rt_lib_init_lc_ctype_1                 0x08000133   Thumb Code     0  libinit2.o(.ARM.Collect$$libinit$$00000013)
    __rt_lib_init_lc_monetary_1              0x08000133   Thumb Code     0  libinit2.o(.ARM.Collect$$libinit$$00000015)
    __rt_lib_init_lc_numeric_1               0x08000133   Thumb Code     0  libinit2.o(.ARM.Collect$$libinit$$00000017)
    __rt_lib_init_lc_time_1                  0x08000133   Thumb Code     0  libinit2.o(.ARM.Collect$$libinit$$00000019)
    __rt_lib_init_preinit_1                  0x08000133   Thumb Code     0  libinit2.o(.ARM.Collect$$libinit$$00000004)
    __rt_lib_init_rand_1                     0x08000133   Thumb Code     0  libinit2.o(.ARM.Collect$$libinit$$0000000E)
    __rt_lib_init_return                     0x08000133   Thumb Code     0  libinit2.o(.ARM.Collect$$libinit$$00000033)
    __rt_lib_init_signal_1                   0x08000133   Thumb Code     0  libinit2.o(.ARM.Collect$$libinit$$0000001D)
    __rt_lib_init_stdio_1                    0x08000133   Thumb Code     0  libinit2.o(.ARM.Collect$$libinit$$00000025)
    __rt_lib_init_user_alloc_1               0x08000133   Thumb Code     0  libinit2.o(.ARM.Collect$$libinit$$0000000C)
    __rt_lib_shutdown                        0x08000135   Thumb Code     0  libshutdown.o(.ARM.Collect$$libshutdown$$00000000)
    __rt_lib_shutdown_fp_trap_1              0x08000137   Thumb Code     0  libshutdown2.o(.ARM.Collect$$libshutdown$$00000006)
    __rt_lib_shutdown_heap_1                 0x08000137   Thumb Code     0  libshutdown2.o(.ARM.Collect$$libshutdown$$0000000E)
    __rt_lib_shutdown_return                 0x08000137   Thumb Code     0  libshutdown2.o(.ARM.Collect$$libshutdown$$0000000F)
    __rt_lib_shutdown_signal_1               0x08000137   Thumb Code     0  libshutdown2.o(.ARM.Collect$$libshutdown$$00000009)
    __rt_lib_shutdown_stdio_1                0x08000137   Thumb Code     0  libshutdown2.o(.ARM.Collect$$libshutdown$$00000003)
    __rt_lib_shutdown_user_alloc_1           0x08000137   Thumb Code     0  libshutdown2.o(.ARM.Collect$$libshutdown$$0000000B)
    __rt_entry                               0x08000139   Thumb Code     0  __rtentry.o(.ARM.Collect$$rtentry$$00000000)
    __rt_entry_presh_1                       0x08000139   Thumb Code     0  __rtentry2.o(.ARM.Collect$$rtentry$$00000002)
    __rt_entry_sh                            0x08000139   Thumb Code     0  __rtentry4.o(.ARM.Collect$$rtentry$$00000004)
    __rt_entry_li                            0x0800013f   Thumb Code     0  __rtentry2.o(.ARM.Collect$$rtentry$$0000000A)
    __rt_entry_postsh_1                      0x0800013f   Thumb Code     0  __rtentry2.o(.ARM.Collect$$rtentry$$00000009)
    __rt_entry_main                          0x08000143   Thumb Code     0  __rtentry2.o(.ARM.Collect$$rtentry$$0000000D)
    __rt_entry_postli_1                      0x08000143   Thumb Code     0  __rtentry2.o(.ARM.Collect$$rtentry$$0000000C)
    __rt_exit                                0x0800014b   Thumb Code     0  rtexit.o(.ARM.Collect$$rtexit$$00000000)
    __rt_exit_ls                             0x0800014d   Thumb Code     0  rtexit2.o(.ARM.Collect$$rtexit$$00000003)
    __rt_exit_prels_1                        0x0800014d   Thumb Code     0  rtexit2.o(.ARM.Collect$$rtexit$$00000002)
    __rt_exit_exit                           0x08000151   Thumb Code     0  rtexit2.o(.ARM.Collect$$rtexit$$00000004)
    __aeabi_memcpy4                          0x08000159   Thumb Code    56  rt_memcpy.o(.emb_text)
    __aeabi_memcpy8                          0x08000159   Thumb Code     0  rt_memcpy.o(.emb_text)
    Reset_Handler                            0x08000191   Thumb Code     8  startup_stm32f030x8.o(.text)
    ADC1_IRQHandler                          0x080001a3   Thumb Code     0  startup_stm32f030x8.o(.text)
    DMA1_Channel1_IRQHandler                 0x080001a3   Thumb Code     0  startup_stm32f030x8.o(.text)
    DMA1_Channel2_3_IRQHandler               0x080001a3   Thumb Code     0  startup_stm32f030x8.o(.text)
    DMA1_Channel4_5_IRQHandler               0x080001a3   Thumb Code     0  startup_stm32f030x8.o(.text)
    EXTI0_1_IRQHandler                       0x080001a3   Thumb Code     0  startup_stm32f030x8.o(.text)
    EXTI2_3_IRQHandler                       0x080001a3   Thumb Code     0  startup_stm32f030x8.o(.text)
    FLASH_IRQHandler                         0x080001a3   Thumb Code     0  startup_stm32f030x8.o(.text)
    I2C2_IRQHandler                          0x080001a3   Thumb Code     0  startup_stm32f030x8.o(.text)
    RCC_IRQHandler                           0x080001a3   Thumb Code     0  startup_stm32f030x8.o(.text)
    RTC_IRQHandler                           0x080001a3   Thumb Code     0  startup_stm32f030x8.o(.text)
    SPI1_IRQHandler                          0x080001a3   Thumb Code     0  startup_stm32f030x8.o(.text)
    SPI2_IRQHandler                          0x080001a3   Thumb Code     0  startup_stm32f030x8.o(.text)
    TIM14_IRQHandler                         0x080001a3   Thumb Code     0  startup_stm32f030x8.o(.text)
    TIM15_IRQHandler                         0x080001a3   Thumb Code     0  startup_stm32f030x8.o(.text)
    TIM16_IRQHandler                         0x080001a3   Thumb Code     0  startup_stm32f030x8.o(.text)
    TIM17_IRQHandler                         0x080001a3   Thumb Code     0  startup_stm32f030x8.o(.text)
    TIM1_BRK_UP_TRG_COM_IRQHandler           0x080001a3   Thumb Code     0  startup_stm32f030x8.o(.text)
    TIM1_CC_IRQHandler                       0x080001a3   Thumb Code     0  startup_stm32f030x8.o(.text)
    TIM3_IRQHandler                          0x080001a3   Thumb Code     0  startup_stm32f030x8.o(.text)
    TIM6_IRQHandler                          0x080001a3   Thumb Code     0  startup_stm32f030x8.o(.text)
    USART1_IRQHandler                        0x080001a3   Thumb Code     0  startup_stm32f030x8.o(.text)
    WWDG_IRQHandler                          0x080001a3   Thumb Code     0  startup_stm32f030x8.o(.text)
    __user_initial_stackheap                 0x080001a5   Thumb Code     0  startup_stm32f030x8.o(.text)
    __use_no_semihosting                     0x080001c9   Thumb Code     2  use_no_semi_2.o(.text)
    _memset_w                                0x080001cb   Thumb Code    26  rt_memclr.o(.text)
    _memset                                  0x080001e5   Thumb Code    30  rt_memclr.o(.text)
    __aeabi_memclr                           0x08000203   Thumb Code     4  rt_memclr.o(.text)
    __rt_memclr                              0x08000203   Thumb Code     0  rt_memclr.o(.text)
    __aeabi_memclr4                          0x08000207   Thumb Code     0  rt_memclr.o(.text)
    __aeabi_memclr8                          0x08000207   Thumb Code     0  rt_memclr.o(.text)
    __rt_memclr_w                            0x08000207   Thumb Code     4  rt_memclr.o(.text)
    __aeabi_uidiv                            0x0800020b   Thumb Code     0  aeabi_sdiv.o(.text)
    __aeabi_uidivmod                         0x0800020b   Thumb Code    20  aeabi_sdiv.o(.text)
    __aeabi_idiv                             0x0800021f   Thumb Code     0  aeabi_sdiv.o(.text)
    __aeabi_idivmod                          0x0800021f   Thumb Code   326  aeabi_sdiv.o(.text)
    __use_two_region_memory                  0x08000365   Thumb Code     2  heapauxi.o(.text)
    __rt_heap_escrow$2region                 0x08000367   Thumb Code     2  heapauxi.o(.text)
    __rt_heap_expand$2region                 0x08000369   Thumb Code     2  heapauxi.o(.text)
    __I$use$semihosting                      0x0800036b   Thumb Code     0  use_no_semi.o(.text)
    __use_no_semihosting_swi                 0x0800036b   Thumb Code     2  use_no_semi.o(.text)
    __user_setup_stackheap                   0x0800036d   Thumb Code    62  sys_stackheap_outer.o(.text)
    exit                                     0x080003ab   Thumb Code    12  exit.o(.text)
    __user_libspace                          0x080003b9   Thumb Code     8  libspace.o(.text)
    __user_perproc_libspace                  0x080003b9   Thumb Code     0  libspace.o(.text)
    __user_perthread_libspace                0x080003b9   Thumb Code     0  libspace.o(.text)
    BSP_LED_Init                             0x080003c1   Thumb Code   146  stm32f0xx_karlboard.o(i.BSP_LED_Init)
    BSP_LED_On                               0x08000461   Thumb Code    24  stm32f0xx_karlboard.o(i.BSP_LED_On)
    BSP_LED_Toggle                           0x08000481   Thumb Code    22  stm32f0xx_karlboard.o(i.BSP_LED_Toggle)
    BSP_PB_Init                              0x080004a1   Thumb Code   164  stm32f0xx_karlboard.o(i.BSP_PB_Init)
    EXTI4_15_IRQHandler                      0x08000559   Thumb Code    20  stm32f0xx_it.o(i.EXTI4_15_IRQHandler)
    HAL_DMA_Abort_IT                         0x08000589   Thumb Code    88  stm32f0xx_hal_dma.o(i.HAL_DMA_Abort_IT)
    HAL_Delay                                0x080005e1   Thumb Code    26  stm32f0xx_hal.o(i.HAL_Delay)
    HAL_GPIO_DeInit                          0x080005fd   Thumb Code   248  stm32f0xx_hal_gpio.o(i.HAL_GPIO_DeInit)
    HAL_GPIO_EXTI_Callback                   0x08000709   Thumb Code    16  main.o(i.HAL_GPIO_EXTI_Callback)
    HAL_GPIO_EXTI_IRQHandler                 0x0800071d   Thumb Code    26  stm32f0xx_hal_gpio.o(i.HAL_GPIO_EXTI_IRQHandler)
    HAL_GPIO_Init                            0x0800073d   Thumb Code   470  stm32f0xx_hal_gpio.o(i.HAL_GPIO_Init)
    HAL_GPIO_ReadPin                         0x0800092d   Thumb Code    18  stm32f0xx_hal_gpio.o(i.HAL_GPIO_ReadPin)
    HAL_GPIO_TogglePin                       0x0800093f   Thumb Code     8  stm32f0xx_hal_gpio.o(i.HAL_GPIO_TogglePin)
    HAL_GPIO_WritePin                        0x08000947   Thumb Code    12  stm32f0xx_hal_gpio.o(i.HAL_GPIO_WritePin)
    HAL_GetTick                              0x08000955   Thumb Code     6  stm32f0xx_hal.o(i.HAL_GetTick)
    HAL_I2C_AbortCpltCallback                0x08000961   Thumb Code     2  stm32f0xx_hal_i2c.o(i.HAL_I2C_AbortCpltCallback)
    HAL_I2C_AddrCallback                     0x08000963   Thumb Code     2  stm32f0xx_hal_i2c.o(i.HAL_I2C_AddrCallback)
    HAL_I2C_ER_IRQHandler                    0x08000965   Thumb Code   128  stm32f0xx_hal_i2c.o(i.HAL_I2C_ER_IRQHandler)
    HAL_I2C_EV_IRQHandler                    0x080009e5   Thumb Code    30  stm32f0xx_hal_i2c.o(i.HAL_I2C_EV_IRQHandler)
    HAL_I2C_ErrorCallback                    0x08000a03   Thumb Code     2  stm32f0xx_hal_i2c.o(i.HAL_I2C_ErrorCallback)
    HAL_I2C_ListenCpltCallback               0x08000a05   Thumb Code     2  stm32f0xx_hal_i2c.o(i.HAL_I2C_ListenCpltCallback)
    HAL_I2C_SlaveRxCpltCallback              0x08000a07   Thumb Code     2  stm32f0xx_hal_i2c.o(i.HAL_I2C_SlaveRxCpltCallback)
    HAL_I2C_SlaveTxCpltCallback              0x08000a09   Thumb Code     2  stm32f0xx_hal_i2c.o(i.HAL_I2C_SlaveTxCpltCallback)
    HAL_IncTick                              0x08000a0d   Thumb Code    12  stm32f0xx_hal.o(i.HAL_IncTick)
    HAL_Init                                 0x08000a1d   Thumb Code    28  stm32f0xx_hal.o(i.HAL_Init)
    HAL_InitTick                             0x08000a3d   Thumb Code    38  stm32f0xx_hal.o(i.HAL_InitTick)
    HAL_MspInit                              0x08000a63   Thumb Code     2  stm32f0xx_hal.o(i.HAL_MspInit)
    HAL_NVIC_DisableIRQ                      0x08000a65   Thumb Code    18  stm32f0xx_hal_cortex.o(i.HAL_NVIC_DisableIRQ)
    HAL_NVIC_EnableIRQ                       0x08000a7d   Thumb Code    18  stm32f0xx_hal_cortex.o(i.HAL_NVIC_EnableIRQ)
    HAL_NVIC_SetPriority                     0x08000a95   Thumb Code    18  stm32f0xx_hal_cortex.o(i.HAL_NVIC_SetPriority)
    HAL_RCC_ClockConfig                      0x08000aa9   Thumb Code   382  stm32f0xx_hal_rcc.o(i.HAL_RCC_ClockConfig)
    HAL_RCC_GetHCLKFreq                      0x08000c3d   Thumb Code     6  stm32f0xx_hal_rcc.o(i.HAL_RCC_GetHCLKFreq)
    HAL_RCC_GetPCLK1Freq                     0x08000c49   Thumb Code    26  stm32f0xx_hal_rcc.o(i.HAL_RCC_GetPCLK1Freq)
    HAL_RCC_GetSysClockFreq                  0x08000c6d   Thumb Code   150  stm32f0xx_hal_rcc.o(i.HAL_RCC_GetSysClockFreq)
    HAL_RCC_OscConfig                        0x08000d31   Thumb Code  1352  stm32f0xx_hal_rcc.o(i.HAL_RCC_OscConfig)
    HAL_RS485_2_MspDeInit                    0x0800127d   Thumb Code    60  stm32f0xx_hal_msp.o(i.HAL_RS485_2_MspDeInit)
    HAL_RS485_2_MspInit                      0x080012bd   Thumb Code   162  stm32f0xx_hal_msp.o(i.HAL_RS485_2_MspInit)
    HAL_SPI_DeInit                           0x08001365   Thumb Code    58  stm32f0xx_hal_spi.o(i.HAL_SPI_DeInit)
    HAL_SPI_GetState                         0x0800139f   Thumb Code     8  stm32f0xx_hal_spi.o(i.HAL_SPI_GetState)
    HAL_SPI_Init                             0x080013a7   Thumb Code   220  stm32f0xx_hal_spi.o(i.HAL_SPI_Init)
    HAL_SPI_MspDeInit                        0x08001483   Thumb Code     2  stm32f0xx_hal_spi.o(i.HAL_SPI_MspDeInit)
    HAL_SPI_MspInit                          0x08001485   Thumb Code     2  stm32f0xx_hal_spi.o(i.HAL_SPI_MspInit)
    HAL_SPI_Transmit                         0x08001487   Thumb Code   462  stm32f0xx_hal_spi.o(i.HAL_SPI_Transmit)
    HAL_SPI_TransmitReceive                  0x08001655   Thumb Code   698  stm32f0xx_hal_spi.o(i.HAL_SPI_TransmitReceive)
    HAL_SYSTICK_Config                       0x08001911   Thumb Code    46  stm32f0xx_hal_cortex.o(i.HAL_SYSTICK_Config)
    HAL_UART_DeInit                          0x08001949   Thumb Code    92  stm32f0xx_hal_uart.o(i.HAL_UART_DeInit)
    HAL_UART_ErrorCallback                   0x080019a9   Thumb Code     4  rs485.o(i.HAL_UART_ErrorCallback)
    HAL_UART_IRQHandler                      0x080019ad   Thumb Code   398  stm32f0xx_hal_uart.o(i.HAL_UART_IRQHandler)
    HAL_UART_Init                            0x08001b41   Thumb Code   146  stm32f0xx_hal_uart.o(i.HAL_UART_Init)
    HAL_UART_MspDeInit                       0x08001bd9   Thumb Code    62  stm32f0xx_hal_msp.o(i.HAL_UART_MspDeInit)
    HAL_UART_MspInit                         0x08001c1d   Thumb Code   166  stm32f0xx_hal_msp.o(i.HAL_UART_MspInit)
    HAL_UART_Receive_IT                      0x08001cc9   Thumb Code   198  stm32f0xx_hal_uart.o(i.HAL_UART_Receive_IT)
    HAL_UART_RxCpltCallback                  0x08001d95   Thumb Code    52  rs485.o(i.HAL_UART_RxCpltCallback)
    HAL_UART_TxCpltCallback                  0x08001ddd   Thumb Code     8  rs485.o(i.HAL_UART_TxCpltCallback)
    HardFault_Handler                        0x08001de9   Thumb Code     4  stm32f0xx_it.o(i.HardFault_Handler)
    I2C1_IRQHandler                          0x08001ded   Thumb Code    16  stm32f0xx_it.o(i.I2C1_IRQHandler)
    IIC_Start                                0x08002451   Thumb Code    48  oled.o(i.IIC_Start)
    IIC_Stop                                 0x08002485   Thumb Code    36  oled.o(i.IIC_Stop)
    IIC_Wait_Ack                             0x080024ad   Thumb Code    26  oled.o(i.IIC_Wait_Ack)
    NMI_Handler                              0x080024cd   Thumb Code     2  stm32f0xx_it.o(i.NMI_Handler)
    NRF24L01_Check                           0x080024d1   Thumb Code    66  stm32f0xx_karlboard.o(i.NRF24L01_Check)
    NRF24L01_RX_Mode                         0x0800251d   Thumb Code    88  stm32f0xx_karlboard.o(i.NRF24L01_RX_Mode)
    NRF24L01_Read_Buf                        0x08002579   Thumb Code    78  stm32f0xx_karlboard.o(i.NRF24L01_Read_Buf)
    NRF24L01_Read_Reg                        0x080025c7   Thumb Code    56  stm32f0xx_karlboard.o(i.NRF24L01_Read_Reg)
    NRF24L01_RxPacket                        0x080025ff   Thumb Code    54  stm32f0xx_karlboard.o(i.NRF24L01_RxPacket)
    NRF24L01_TX_Mode                         0x08002635   Thumb Code    98  stm32f0xx_karlboard.o(i.NRF24L01_TX_Mode)
    NRF24L01_TxPacket                        0x080026a1   Thumb Code   106  stm32f0xx_karlboard.o(i.NRF24L01_TxPacket)
    NRF24L01_Write_Buf                       0x08002711   Thumb Code    70  stm32f0xx_karlboard.o(i.NRF24L01_Write_Buf)
    NRF24L01_Write_Reg                       0x08002757   Thumb Code    52  stm32f0xx_karlboard.o(i.NRF24L01_Write_Reg)
    NRF_IO_Init                              0x0800278d   Thumb Code   324  stm32f0xx_karlboard.o(i.NRF_IO_Init)
    NRF_SPI_Init                             0x080028d9   Thumb Code    64  stm32f0xx_karlboard.o(i.NRF_SPI_Init)
    OLED_Clear                               0x08002995   Thumb Code    62  oled.o(i.OLED_Clear)
    OLED_Init                                0x080029d5   Thumb Code   308  oled.o(i.OLED_Init)
    OLED_Set_Pos                             0x08002b11   Thumb Code    44  oled.o(i.OLED_Set_Pos)
    OLED_ShowChar                            0x08002b3d   Thumb Code   148  oled.o(i.OLED_ShowChar)
    OLED_ShowNum                             0x08002bd9   Thumb Code   146  oled.o(i.OLED_ShowNum)
    OLED_ShowString                          0x08002c6b   Thumb Code    56  oled.o(i.OLED_ShowString)
    OLED_WR_Byte                             0x08002ca3   Thumb Code    26  oled.o(i.OLED_WR_Byte)
    PHMeterDisplay                           0x08002cbd   Thumb Code   214  phmeter.o(i.PHMeterDisplay)
    PendSV_Handler                           0x08002dd5   Thumb Code     2  stm32f0xx_it.o(i.PendSV_Handler)
    RS485_Init                               0x08002dd9   Thumb Code    64  rs485.o(i.RS485_Init)
    RS485_Receive_Data                       0x08002e21   Thumb Code    26  rs485.o(i.RS485_Receive_Data)
    SVC_Handler                              0x080031b5   Thumb Code     2  stm32f0xx_it.o(i.SVC_Handler)
    SysTick_Handler                          0x080031b7   Thumb Code     8  stm32f0xx_it.o(i.SysTick_Handler)
    SystemInit                               0x08003209   Thumb Code   104  system_stm32f0xx.o(i.SystemInit)
    UART_AdvFeatureConfig                    0x0800327d   Thumb Code   240  stm32f0xx_hal_uart.o(i.UART_AdvFeatureConfig)
    UART_CheckIdleState                      0x0800336d   Thumb Code    30  stm32f0xx_hal_uart.o(i.UART_CheckIdleState)
    UART_EndTransmit_IT                      0x080033c5   Thumb Code    32  stm32f0xx_hal_uart.o(i.UART_EndTransmit_IT)
    UART_Receive_IT                          0x080033e5   Thumb Code   162  stm32f0xx_hal_uart.o(i.UART_Receive_IT)
    UART_SetConfig                           0x08003489   Thumb Code   454  stm32f0xx_hal_uart.o(i.UART_SetConfig)
    UART_Transmit_IT                         0x0800366d   Thumb Code   114  stm32f0xx_hal_uart.o(i.UART_Transmit_IT)
    USART2_IRQHandler                        0x080036e1   Thumb Code    10  stm32f0xx_it.o(i.USART2_IRQHandler)
    Write_IIC_Byte                           0x080036f1   Thumb Code    92  oled.o(i.Write_IIC_Byte)
    Write_IIC_Command                        0x08003751   Thumb Code    44  oled.o(i.Write_IIC_Command)
    Write_IIC_Data                           0x0800377d   Thumb Code    44  oled.o(i.Write_IIC_Data)
    _sys_exit                                0x080037a9   Thumb Code     6  usart.o(i._sys_exit)
    delay_ms                                 0x080037af   Thumb Code    12  delay.o(i.delay_ms)
    main                                     0x080037bd   Thumb Code   288  main.o(i.main)
    oled_pow                                 0x08003919   Thumb Code    26  oled.o(i.oled_pow)
    AHBPrescTable                            0x08003932   Data          16  system_stm32f0xx.o(.constdata)
    APBPrescTable                            0x08003942   Data           8  system_stm32f0xx.o(.constdata)
    LED_PIN                                  0x0800394a   Data           6  stm32f0xx_karlboard.o(.constdata)
    BUTTON_PIN                               0x08003950   Data           8  stm32f0xx_karlboard.o(.constdata)
    BUTTON_IRQn                              0x08003958   Data           4  stm32f0xx_karlboard.o(.constdata)
    NRF_TX_ADDRESS                           0x0800395c   Data           5  stm32f0xx_karlboard.o(.constdata)
    NRF_RX_ADDRESS                           0x08003961   Data           5  stm32f0xx_karlboard.o(.constdata)
    F6x8                                     0x08003966   Data         552  oled.o(.constdata)
    F8X16                                    0x08003b8e   Data        1520  oled.o(.constdata)
    Region$$Table$$Base                      0x08004180   Number         0  anon$$obj.o(Region$$Table)
    Region$$Table$$Limit                     0x080041a0   Number         0  anon$$obj.o(Region$$Table)
    SystemCoreClock                          0x20000000   Data           4  system_stm32f0xx.o(.data)
    LED_PORT                                 0x20000004   Data          12  stm32f0xx_karlboard.o(.data)
    BUTTON_PORT                              0x20000010   Data          16  stm32f0xx_karlboard.o(.data)
    SpixTimeout                              0x20000020   Data           4  stm32f0xx_karlboard.o(.data)
    UserButton1Status                        0x20000028   Data           4  main.o(.data)
    uwTick                                   0x2000002c   Data           4  stm32f0xx_hal.o(.data)
    UartReady                                0x20000030   Data           1  rs485.o(.data)
    UserButtonStatus                         0x20000034   Data           4  rs485.o(.data)
    RS485Reg                                 0x20000038   Data           1  rs485.o(.data)
    RS485_RX_CNT                             0x20000039   Data           1  rs485.o(.data)
    PHMeterReg                               0x2000003a   Data           1  phmeter.o(.data)
    PHMeterCMDBuf                            0x2000003b   Data           8  phmeter.o(.data)
    PHMeteErrFC                              0x20000043   Data           1  phmeter.o(.data)
    PHMeteErrCODE                            0x20000044   Data           1  phmeter.o(.data)
    PHData                                   0x20000046   Data           2  phmeter.o(.data)
    TData                                    0x20000048   Data           2  phmeter.o(.data)
    ORPData                                  0x2000004a   Data           2  phmeter.o(.data)
    PHThreshold                              0x2000004c   Data           2  phmeter.o(.data)
    TThreshold                               0x2000004e   Data           2  phmeter.o(.data)
    ORPThreshold                             0x20000050   Data           2  phmeter.o(.data)
    PHMeterCode                              0x20000052   Data           2  phmeter.o(.data)
    I2cHandle                                0x2000015c   Data          76  main.o(.bss)
    UartHandle                               0x200001a8   Data         112  rs485.o(.bss)
    aTxBuffer                                0x20000218   Data          64  rs485.o(.bss)
    aRxBuffer                                0x20000258   Data          64  rs485.o(.bss)
    allZero                                  0x20000298   Data          64  rs485.o(.bss)
    aRxBufferBackUp                          0x200002d8   Data          64  rs485.o(.bss)
    RS485_RX_BUF                             0x20000318   Data          64  rs485.o(.bss)
    __libspace_start                         0x20000358   Data          96  libspace.o(.bss)
    __temporary_stack_top$libspace           0x200003b8   Data           0  libspace.o(.bss)



==============================================================================

Memory Map of the image

  Image Entry point : 0x08000191

  Load Region LR_1 (Base: 0x08000000, Size: 0x000041f4, Max: 0xffffffff, ABSOLUTE)

    Execution Region ER_RO (Base: 0x08000000, Size: 0x000041a0, Max: 0xffffffff, ABSOLUTE)

    Base Addr    Size         Type   Attr      Idx    E Section Name        Object

    0x08000000   0x000000b4   Data   RO            3    RESET               startup_stm32f030x8.o
    0x080000b4   0x00000008   Code   RO         3286  * !!!main             c_p.l(__main.o)
    0x080000bc   0x0000003c   Code   RO         3452    !!!scatter          c_p.l(__scatter.o)
    0x080000f8   0x0000001a   Code   RO         3454    !!handler_copy      c_p.l(__scatter_copy.o)
    0x08000112   0x00000002   PAD
    0x08000114   0x0000001c   Code   RO         3456    !!handler_zi        c_p.l(__scatter_zi.o)
    0x08000130   0x00000002   Code   RO         3326    .ARM.Collect$$libinit$$00000000  c_p.l(libinit.o)
    0x08000132   0x00000000   Code   RO         3340    .ARM.Collect$$libinit$$00000002  c_p.l(libinit2.o)
    0x08000132   0x00000000   Code   RO         3342    .ARM.Collect$$libinit$$00000004  c_p.l(libinit2.o)
    0x08000132   0x00000000   Code   RO         3345    .ARM.Collect$$libinit$$0000000A  c_p.l(libinit2.o)
    0x08000132   0x00000000   Code   RO         3347    .ARM.Collect$$libinit$$0000000C  c_p.l(libinit2.o)
    0x08000132   0x00000000   Code   RO         3349    .ARM.Collect$$libinit$$0000000E  c_p.l(libinit2.o)
    0x08000132   0x00000000   Code   RO         3352    .ARM.Collect$$libinit$$00000011  c_p.l(libinit2.o)
    0x08000132   0x00000000   Code   RO         3354    .ARM.Collect$$libinit$$00000013  c_p.l(libinit2.o)
    0x08000132   0x00000000   Code   RO         3356    .ARM.Collect$$libinit$$00000015  c_p.l(libinit2.o)
    0x08000132   0x00000000   Code   RO         3358    .ARM.Collect$$libinit$$00000017  c_p.l(libinit2.o)
    0x08000132   0x00000000   Code   RO         3360    .ARM.Collect$$libinit$$00000019  c_p.l(libinit2.o)
    0x08000132   0x00000000   Code   RO         3362    .ARM.Collect$$libinit$$0000001B  c_p.l(libinit2.o)
    0x08000132   0x00000000   Code   RO         3364    .ARM.Collect$$libinit$$0000001D  c_p.l(libinit2.o)
    0x08000132   0x00000000   Code   RO         3366    .ARM.Collect$$libinit$$0000001F  c_p.l(libinit2.o)
    0x08000132   0x00000000   Code   RO         3368    .ARM.Collect$$libinit$$00000021  c_p.l(libinit2.o)
    0x08000132   0x00000000   Code   RO         3370    .ARM.Collect$$libinit$$00000023  c_p.l(libinit2.o)
    0x08000132   0x00000000   Code   RO         3372    .ARM.Collect$$libinit$$00000025  c_p.l(libinit2.o)
    0x08000132   0x00000000   Code   RO         3376    .ARM.Collect$$libinit$$0000002C  c_p.l(libinit2.o)
    0x08000132   0x00000000   Code   RO         3378    .ARM.Collect$$libinit$$0000002E  c_p.l(libinit2.o)
    0x08000132   0x00000000   Code   RO         3380    .ARM.Collect$$libinit$$00000030  c_p.l(libinit2.o)
    0x08000132   0x00000000   Code   RO         3382    .ARM.Collect$$libinit$$00000032  c_p.l(libinit2.o)
    0x08000132   0x00000002   Code   RO         3383    .ARM.Collect$$libinit$$00000033  c_p.l(libinit2.o)
    0x08000134   0x00000002   Code   RO         3409    .ARM.Collect$$libshutdown$$00000000  c_p.l(libshutdown.o)
    0x08000136   0x00000000   Code   RO         3437    .ARM.Collect$$libshutdown$$00000003  c_p.l(libshutdown2.o)
    0x08000136   0x00000000   Code   RO         3440    .ARM.Collect$$libshutdown$$00000006  c_p.l(libshutdown2.o)
    0x08000136   0x00000000   Code   RO         3443    .ARM.Collect$$libshutdown$$00000009  c_p.l(libshutdown2.o)
    0x08000136   0x00000000   Code   RO         3445    .ARM.Collect$$libshutdown$$0000000B  c_p.l(libshutdown2.o)
    0x08000136   0x00000000   Code   RO         3448    .ARM.Collect$$libshutdown$$0000000E  c_p.l(libshutdown2.o)
    0x08000136   0x00000002   Code   RO         3449    .ARM.Collect$$libshutdown$$0000000F  c_p.l(libshutdown2.o)
    0x08000138   0x00000000   Code   RO         3290    .ARM.Collect$$rtentry$$00000000  c_p.l(__rtentry.o)
    0x08000138   0x00000000   Code   RO         3296    .ARM.Collect$$rtentry$$00000002  c_p.l(__rtentry2.o)
    0x08000138   0x00000006   Code   RO         3308    .ARM.Collect$$rtentry$$00000004  c_p.l(__rtentry4.o)
    0x0800013e   0x00000000   Code   RO         3298    .ARM.Collect$$rtentry$$00000009  c_p.l(__rtentry2.o)
    0x0800013e   0x00000004   Code   RO         3299    .ARM.Collect$$rtentry$$0000000A  c_p.l(__rtentry2.o)
    0x08000142   0x00000000   Code   RO         3301    .ARM.Collect$$rtentry$$0000000C  c_p.l(__rtentry2.o)
    0x08000142   0x00000008   Code   RO         3302    .ARM.Collect$$rtentry$$0000000D  c_p.l(__rtentry2.o)
    0x0800014a   0x00000002   Code   RO         3331    .ARM.Collect$$rtexit$$00000000  c_p.l(rtexit.o)
    0x0800014c   0x00000000   Code   RO         3385    .ARM.Collect$$rtexit$$00000002  c_p.l(rtexit2.o)
    0x0800014c   0x00000004   Code   RO         3386    .ARM.Collect$$rtexit$$00000003  c_p.l(rtexit2.o)
    0x08000150   0x00000006   Code   RO         3387    .ARM.Collect$$rtexit$$00000004  c_p.l(rtexit2.o)
    0x08000156   0x00000002   PAD
    0x08000158   0x00000038   Code   RO         3274    .emb_text           c_p.l(rt_memcpy.o)
    0x08000190   0x00000038   Code   RO            4  * .text               startup_stm32f030x8.o
    0x080001c8   0x00000002   Code   RO         3270    .text               c_p.l(use_no_semi_2.o)
    0x080001ca   0x00000040   Code   RO         3278    .text               c_p.l(rt_memclr.o)
    0x0800020a   0x0000015a   Code   RO         3280    .text               c_p.l(aeabi_sdiv.o)
    0x08000364   0x00000006   Code   RO         3284    .text               c_p.l(heapauxi.o)
    0x0800036a   0x00000002   Code   RO         3288    .text               c_p.l(use_no_semi.o)
    0x0800036c   0x0000003e   Code   RO         3312    .text               c_p.l(sys_stackheap_outer.o)
    0x080003aa   0x0000000c   Code   RO         3315    .text               c_p.l(exit.o)
    0x080003b6   0x00000002   PAD
    0x080003b8   0x00000008   Code   RO         3327    .text               c_p.l(libspace.o)
    0x080003c0   0x000000a0   Code   RO           76    i.BSP_LED_Init      stm32f0xx_karlboard.o
    0x08000460   0x00000020   Code   RO           78    i.BSP_LED_On        stm32f0xx_karlboard.o
    0x08000480   0x00000020   Code   RO           79    i.BSP_LED_Toggle    stm32f0xx_karlboard.o
    0x080004a0   0x000000b8   Code   RO           85    i.BSP_PB_Init       stm32f0xx_karlboard.o
    0x08000558   0x00000014   Code   RO          459    i.EXTI4_15_IRQHandler  stm32f0xx_it.o
    0x0800056c   0x00000004   Code   RO          598    i.Error_Handler     main.o
    0x08000570   0x00000018   Code   RO         2903    i.Error_Handler     rs485.o
    0x08000588   0x00000058   Code   RO         2509    i.HAL_DMA_Abort_IT  stm32f0xx_hal_dma.o
    0x080005e0   0x0000001a   Code   RO         2005    i.HAL_Delay         stm32f0xx_hal.o
    0x080005fa   0x00000002   PAD
    0x080005fc   0x0000010c   Code   RO          677    i.HAL_GPIO_DeInit   stm32f0xx_hal_gpio.o
    0x08000708   0x00000014   Code   RO          599    i.HAL_GPIO_EXTI_Callback  main.o
    0x0800071c   0x00000020   Code   RO          679    i.HAL_GPIO_EXTI_IRQHandler  stm32f0xx_hal_gpio.o
    0x0800073c   0x000001f0   Code   RO          680    i.HAL_GPIO_Init     stm32f0xx_hal_gpio.o
    0x0800092c   0x00000012   Code   RO          682    i.HAL_GPIO_ReadPin  stm32f0xx_hal_gpio.o
    0x0800093e   0x00000008   Code   RO          683    i.HAL_GPIO_TogglePin  stm32f0xx_hal_gpio.o
    0x08000946   0x0000000c   Code   RO          684    i.HAL_GPIO_WritePin  stm32f0xx_hal_gpio.o
    0x08000952   0x00000002   PAD
    0x08000954   0x0000000c   Code   RO         2009    i.HAL_GetTick       stm32f0xx_hal.o
    0x08000960   0x00000002   Code   RO          739    i.HAL_I2C_AbortCpltCallback  stm32f0xx_hal_i2c.o
    0x08000962   0x00000002   Code   RO          740    i.HAL_I2C_AddrCallback  stm32f0xx_hal_i2c.o
    0x08000964   0x00000080   Code   RO          743    i.HAL_I2C_ER_IRQHandler  stm32f0xx_hal_i2c.o
    0x080009e4   0x0000001e   Code   RO          744    i.HAL_I2C_EV_IRQHandler  stm32f0xx_hal_i2c.o
    0x08000a02   0x00000002   Code   RO          746    i.HAL_I2C_ErrorCallback  stm32f0xx_hal_i2c.o
    0x08000a04   0x00000002   Code   RO          752    i.HAL_I2C_ListenCpltCallback  stm32f0xx_hal_i2c.o
    0x08000a06   0x00000002   Code   RO          774    i.HAL_I2C_SlaveRxCpltCallback  stm32f0xx_hal_i2c.o
    0x08000a08   0x00000002   Code   RO          775    i.HAL_I2C_SlaveTxCpltCallback  stm32f0xx_hal_i2c.o
    0x08000a0a   0x00000002   PAD
    0x08000a0c   0x00000010   Code   RO         2010    i.HAL_IncTick       stm32f0xx_hal.o
    0x08000a1c   0x00000020   Code   RO         2011    i.HAL_Init          stm32f0xx_hal.o
    0x08000a3c   0x00000026   Code   RO         2012    i.HAL_InitTick      stm32f0xx_hal.o
    0x08000a62   0x00000002   Code   RO         2014    i.HAL_MspInit       stm32f0xx_hal.o
    0x08000a64   0x00000018   Code   RO         2219    i.HAL_NVIC_DisableIRQ  stm32f0xx_hal_cortex.o
    0x08000a7c   0x00000018   Code   RO         2220    i.HAL_NVIC_EnableIRQ  stm32f0xx_hal_cortex.o
    0x08000a94   0x00000012   Code   RO         2224    i.HAL_NVIC_SetPriority  stm32f0xx_hal_cortex.o
    0x08000aa6   0x00000002   PAD
    0x08000aa8   0x00000194   Code   RO         2313    i.HAL_RCC_ClockConfig  stm32f0xx_hal_rcc.o
    0x08000c3c   0x0000000c   Code   RO         2318    i.HAL_RCC_GetHCLKFreq  stm32f0xx_hal_rcc.o
    0x08000c48   0x00000024   Code   RO         2320    i.HAL_RCC_GetPCLK1Freq  stm32f0xx_hal_rcc.o
    0x08000c6c   0x000000c4   Code   RO         2321    i.HAL_RCC_GetSysClockFreq  stm32f0xx_hal_rcc.o
    0x08000d30   0x0000054c   Code   RO         2324    i.HAL_RCC_OscConfig  stm32f0xx_hal_rcc.o
    0x0800127c   0x00000040   Code   RO          546    i.HAL_RS485_2_MspDeInit  stm32f0xx_hal_msp.o
    0x080012bc   0x000000a8   Code   RO          547    i.HAL_RS485_2_MspInit  stm32f0xx_hal_msp.o
    0x08001364   0x0000003a   Code   RO         1169    i.HAL_SPI_DeInit    stm32f0xx_hal_spi.o
    0x0800139e   0x00000008   Code   RO         1172    i.HAL_SPI_GetState  stm32f0xx_hal_spi.o
    0x080013a6   0x000000dc   Code   RO         1174    i.HAL_SPI_Init      stm32f0xx_hal_spi.o
    0x08001482   0x00000002   Code   RO         1175    i.HAL_SPI_MspDeInit  stm32f0xx_hal_spi.o
    0x08001484   0x00000002   Code   RO         1176    i.HAL_SPI_MspInit   stm32f0xx_hal_spi.o
    0x08001486   0x000001ce   Code   RO         1182    i.HAL_SPI_Transmit  stm32f0xx_hal_spi.o
    0x08001654   0x000002ba   Code   RO         1183    i.HAL_SPI_TransmitReceive  stm32f0xx_hal_spi.o
    0x0800190e   0x00000002   PAD
    0x08001910   0x00000038   Code   RO         2228    i.HAL_SYSTICK_Config  stm32f0xx_hal_cortex.o
    0x08001948   0x00000060   Code   RO         1505    i.HAL_UART_DeInit   stm32f0xx_hal_uart.o
    0x080019a8   0x00000004   Code   RO         2904    i.HAL_UART_ErrorCallback  rs485.o
    0x080019ac   0x00000194   Code   RO         1509    i.HAL_UART_IRQHandler  stm32f0xx_hal_uart.o
    0x08001b40   0x00000098   Code   RO         1510    i.HAL_UART_Init     stm32f0xx_hal_uart.o
    0x08001bd8   0x00000044   Code   RO          548    i.HAL_UART_MspDeInit  stm32f0xx_hal_msp.o
    0x08001c1c   0x000000ac   Code   RO          549    i.HAL_UART_MspInit  stm32f0xx_hal_msp.o
    0x08001cc8   0x000000cc   Code   RO         1515    i.HAL_UART_Receive_IT  stm32f0xx_hal_uart.o
    0x08001d94   0x00000048   Code   RO         2905    i.HAL_UART_RxCpltCallback  rs485.o
    0x08001ddc   0x0000000c   Code   RO         2906    i.HAL_UART_TxCpltCallback  rs485.o
    0x08001de8   0x00000004   Code   RO          460    i.HardFault_Handler  stm32f0xx_it.o
    0x08001dec   0x00000014   Code   RO          461    i.I2C1_IRQHandler   stm32f0xx_it.o
    0x08001e00   0x0000003c   Code   RO          784    i.I2C_DMAAbort      stm32f0xx_hal_i2c.o
    0x08001e3c   0x0000007e   Code   RO          790    i.I2C_Disable_IRQ   stm32f0xx_hal_i2c.o
    0x08001eba   0x00000032   Code   RO          792    i.I2C_Flush_TXDR    stm32f0xx_hal_i2c.o
    0x08001eec   0x000000d6   Code   RO          793    i.I2C_ITAddrCplt    stm32f0xx_hal_i2c.o
    0x08001fc2   0x00000002   PAD
    0x08001fc4   0x00000118   Code   RO          794    i.I2C_ITError       stm32f0xx_hal_i2c.o
    0x080020dc   0x00000074   Code   RO          795    i.I2C_ITListenCplt  stm32f0xx_hal_i2c.o
    0x08002150   0x0000013c   Code   RO          798    i.I2C_ITSlaveCplt   stm32f0xx_hal_i2c.o
    0x0800228c   0x00000062   Code   RO          799    i.I2C_ITSlaveSequentialCplt  stm32f0xx_hal_i2c.o
    0x080022ee   0x00000002   PAD
    0x080022f0   0x00000160   Code   RO          806    i.I2C_Slave_ISR_IT  stm32f0xx_hal_i2c.o
    0x08002450   0x00000034   Code   RO         2742    i.IIC_Start         oled.o
    0x08002484   0x00000028   Code   RO         2743    i.IIC_Stop          oled.o
    0x080024ac   0x00000020   Code   RO         2744    i.IIC_Wait_Ack      oled.o
    0x080024cc   0x00000002   Code   RO          462    i.NMI_Handler       stm32f0xx_it.o
    0x080024ce   0x00000002   PAD
    0x080024d0   0x0000004c   Code   RO           91    i.NRF24L01_Check    stm32f0xx_karlboard.o
    0x0800251c   0x0000005c   Code   RO           92    i.NRF24L01_RX_Mode  stm32f0xx_karlboard.o
    0x08002578   0x0000004e   Code   RO           93    i.NRF24L01_Read_Buf  stm32f0xx_karlboard.o
    0x080025c6   0x00000038   Code   RO           94    i.NRF24L01_Read_Reg  stm32f0xx_karlboard.o
    0x080025fe   0x00000036   Code   RO           95    i.NRF24L01_RxPacket  stm32f0xx_karlboard.o
    0x08002634   0x0000006c   Code   RO           96    i.NRF24L01_TX_Mode  stm32f0xx_karlboard.o
    0x080026a0   0x00000070   Code   RO           97    i.NRF24L01_TxPacket  stm32f0xx_karlboard.o
    0x08002710   0x00000046   Code   RO           98    i.NRF24L01_Write_Buf  stm32f0xx_karlboard.o
    0x08002756   0x00000034   Code   RO           99    i.NRF24L01_Write_Reg  stm32f0xx_karlboard.o
    0x0800278a   0x00000002   PAD
    0x0800278c   0x0000014c   Code   RO          100    i.NRF_IO_Init       stm32f0xx_karlboard.o
    0x080028d8   0x00000044   Code   RO          101    i.NRF_SPI_Init      stm32f0xx_karlboard.o
    0x0800291c   0x00000078   Code   RO         2230    i.NVIC_SetPriority  stm32f0xx_hal_cortex.o
    0x08002994   0x0000003e   Code   RO         2745    i.OLED_Clear        oled.o
    0x080029d2   0x00000002   PAD
    0x080029d4   0x0000013c   Code   RO         2749    i.OLED_Init         oled.o
    0x08002b10   0x0000002c   Code   RO         2751    i.OLED_Set_Pos      oled.o
    0x08002b3c   0x0000009c   Code   RO         2753    i.OLED_ShowChar     oled.o
    0x08002bd8   0x00000092   Code   RO         2754    i.OLED_ShowNum      oled.o
    0x08002c6a   0x00000038   Code   RO         2755    i.OLED_ShowString   oled.o
    0x08002ca2   0x0000001a   Code   RO         2756    i.OLED_WR_Byte      oled.o
    0x08002cbc   0x00000118   Code   RO         2975    i.PHMeterDisplay    phmeter.o
    0x08002dd4   0x00000002   Code   RO          463    i.PendSV_Handler    stm32f0xx_it.o
    0x08002dd6   0x00000002   PAD
    0x08002dd8   0x00000048   Code   RO         2908    i.RS485_Init        rs485.o
    0x08002e20   0x00000020   Code   RO         2909    i.RS485_Receive_Data  rs485.o
    0x08002e40   0x0000004a   Code   RO         1212    i.SPI_EndRxTxTransaction  stm32f0xx_hal_spi.o
    0x08002e8a   0x00000002   PAD
    0x08002e8c   0x000000bc   Code   RO         1217    i.SPI_WaitFifoStateUntilTimeout  stm32f0xx_hal_spi.o
    0x08002f48   0x000000b0   Code   RO         1218    i.SPI_WaitFlagStateUntilTimeout  stm32f0xx_hal_spi.o
    0x08002ff8   0x00000014   Code   RO          108    i.SPIx_Error        stm32f0xx_karlboard.o
    0x0800300c   0x00000060   Code   RO          110    i.SPIx_Init         stm32f0xx_karlboard.o
    0x0800306c   0x000000b0   Code   RO          111    i.SPIx_MspInit      stm32f0xx_karlboard.o
    0x0800311c   0x0000002c   Code   RO          114    i.SPIx_Write        stm32f0xx_karlboard.o
    0x08003148   0x0000000e   Code   RO          115    i.SPIx_WriteByte    stm32f0xx_karlboard.o
    0x08003156   0x00000002   PAD
    0x08003158   0x0000002c   Code   RO          116    i.SPIx_WriteData    stm32f0xx_karlboard.o
    0x08003184   0x00000030   Code   RO          117    i.SPIx_WriteReadData  stm32f0xx_karlboard.o
    0x080031b4   0x00000002   Code   RO          464    i.SVC_Handler       stm32f0xx_it.o
    0x080031b6   0x00000008   Code   RO          465    i.SysTick_Handler   stm32f0xx_it.o
    0x080031be   0x00000048   Code   RO          600    i.SystemClock_Config  main.o
    0x08003206   0x00000002   PAD
    0x08003208   0x00000074   Code   RO           13    i.SystemInit        system_stm32f0xx.o
    0x0800327c   0x000000f0   Code   RO         1523    i.UART_AdvFeatureConfig  stm32f0xx_hal_uart.o
    0x0800336c   0x0000001e   Code   RO         1524    i.UART_CheckIdleState  stm32f0xx_hal_uart.o
    0x0800338a   0x00000018   Code   RO         1525    i.UART_DMAAbortOnError  stm32f0xx_hal_uart.o
    0x080033a2   0x00000022   Code   RO         1535    i.UART_EndRxTransfer  stm32f0xx_hal_uart.o
    0x080033c4   0x00000020   Code   RO         1536    i.UART_EndTransmit_IT  stm32f0xx_hal_uart.o
    0x080033e4   0x000000a2   Code   RO         1538    i.UART_Receive_IT   stm32f0xx_hal_uart.o
    0x08003486   0x00000002   PAD
    0x08003488   0x000001e4   Code   RO         1539    i.UART_SetConfig    stm32f0xx_hal_uart.o
    0x0800366c   0x00000072   Code   RO         1540    i.UART_Transmit_IT  stm32f0xx_hal_uart.o
    0x080036de   0x00000002   PAD
    0x080036e0   0x00000010   Code   RO          466    i.USART2_IRQHandler  stm32f0xx_it.o
    0x080036f0   0x00000060   Code   RO         2757    i.Write_IIC_Byte    oled.o
    0x08003750   0x0000002c   Code   RO         2758    i.Write_IIC_Command  oled.o
    0x0800377c   0x0000002c   Code   RO         2759    i.Write_IIC_Data    oled.o
    0x080037a8   0x00000006   Code   RO         3229    i._sys_exit         usart.o
    0x080037ae   0x0000000c   Code   RO         3184    i.delay_ms          delay.o
    0x080037ba   0x00000002   PAD
    0x080037bc   0x0000015c   Code   RO          601    i.main              main.o
    0x08003918   0x0000001a   Code   RO         2761    i.oled_pow          oled.o
    0x08003932   0x00000018   Data   RO           14    .constdata          system_stm32f0xx.o
    0x0800394a   0x0000001c   Data   RO          119    .constdata          stm32f0xx_karlboard.o
    0x08003966   0x00000818   Data   RO         2762    .constdata          oled.o
    0x0800417e   0x00000002   PAD
    0x08004180   0x00000020   Data   RO         3450    Region$$Table       anon$$obj.o


    Execution Region ER_RW (Base: 0x20000000, Size: 0x00000054, Max: 0xffffffff, ABSOLUTE)

    Base Addr    Size         Type   Attr      Idx    E Section Name        Object

    0x20000000   0x00000004   Data   RW           15    .data               system_stm32f0xx.o
    0x20000004   0x00000021   Data   RW          120    .data               stm32f0xx_karlboard.o
    0x20000025   0x00000003   PAD
    0x20000028   0x00000004   Data   RW          603    .data               main.o
    0x2000002c   0x00000004   Data   RW         2017    .data               stm32f0xx_hal.o
    0x20000030   0x0000000a   Data   RW         2912    .data               rs485.o
    0x2000003a   0x0000001a   Data   RW         2987    .data               phmeter.o


    Execution Region ER_ZI (Base: 0x20000054, Size: 0x00000964, Max: 0xffffffff, ABSOLUTE)

    Base Addr    Size         Type   Attr      Idx    E Section Name        Object

    0x20000054   0x00000108   Zero   RW          118    .bss                stm32f0xx_karlboard.o
    0x2000015c   0x0000004c   Zero   RW          602    .bss                main.o
    0x200001a8   0x000001b0   Zero   RW         2911    .bss                rs485.o
    0x20000358   0x00000060   Zero   RW         3328    .bss                c_p.l(libspace.o)
    0x200003b8   0x00000200   Zero   RW            2    HEAP                startup_stm32f030x8.o
    0x200005b8   0x00000400   Zero   RW            1    STACK               startup_stm32f030x8.o


==============================================================================

Image component sizes


      Code (inc. data)   RO Data    RW Data    ZI Data      Debug   Object Name

        12          0          0          0          0        471   delay.o
       444         64          0          4         76       2920   main.o
      1140         34       2072          0          0       9208   oled.o
       280         66          0         26          0       1546   phmeter.o
       216         38          0         10        432       4086   rs485.o
        56         26        180          0       1536        640   startup_stm32f030x8.o
       126         14          0          4          0       3669   stm32f0xx_hal.o
       242         32          0          0          0       9251   stm32f0xx_hal_cortex.o
        88          0          0          0          0        907   stm32f0xx_hal_dma.o
       834         52          0          0          0       4393   stm32f0xx_hal_gpio.o
      1782         30          0          0          0      11912   stm32f0xx_hal_i2c.o
       472         22          0          0          0       2742   stm32f0xx_hal_msp.o
      2004        100          0          0          0       4573   stm32f0xx_hal_rcc.o
      1888         12          0          0          0       7918   stm32f0xx_hal_spi.o
      1976         52          0          0          0       8208   stm32f0xx_hal_uart.o
        74         10          0          0          0       3343   stm32f0xx_it.o
      1948        146         28         33        264      96996   stm32f0xx_karlboard.o
       116         12         24          4          0     177691   system_stm32f0xx.o
         6          0          0          0          0        472   usart.o

    ----------------------------------------------------------------------
     13738        710       2338         84       2308     350946   Object Totals
         0          0         32          0          0          0   (incl. Generated)
        34          0          2          3          0          0   (incl. Padding)

    ----------------------------------------------------------------------

      Code (inc. data)   RO Data    RW Data    ZI Data      Debug   Library Member Name

         8          0          0          0          0         68   __main.o
         0          0          0          0          0          0   __rtentry.o
        12          0          0          0          0          0   __rtentry2.o
         6          0          0          0          0          0   __rtentry4.o
        60          8          0          0          0          0   __scatter.o
        26          0          0          0          0          0   __scatter_copy.o
        28          0          0          0          0          0   __scatter_zi.o
       346          0          0          0          0         92   aeabi_sdiv.o
        12          0          0          0          0         64   exit.o
         6          0          0          0          0        136   heapauxi.o
         2          0          0          0          0          0   libinit.o
         2          0          0          0          0          0   libinit2.o
         2          0          0          0          0          0   libshutdown.o
         2          0          0          0          0          0   libshutdown2.o
         8          4          0          0         96         68   libspace.o
        64          0          0          0          0        108   rt_memclr.o
        56          0          0          0          0         68   rt_memcpy.o
         2          0          0          0          0          0   rtexit.o
        10          0          0          0          0          0   rtexit2.o
        62          0          0          0          0         80   sys_stackheap_outer.o
         2          0          0          0          0         68   use_no_semi.o
         2          0          0          0          0         68   use_no_semi_2.o

    ----------------------------------------------------------------------
       724         12          0          0         96        820   Library Totals
         6          0          0          0          0          0   (incl. Padding)

    ----------------------------------------------------------------------

      Code (inc. data)   RO Data    RW Data    ZI Data      Debug   Library Name

       718         12          0          0         96        820   c_p.l

    ----------------------------------------------------------------------
       724         12          0          0         96        820   Library Totals

    ----------------------------------------------------------------------

==============================================================================


      Code (inc. data)   RO Data    RW Data    ZI Data      Debug   

     14462        722       2338         84       2404     346238   Grand Totals
     14462        722       2338         84       2404     346238   ELF Image Totals
     14462        722       2338         84          0          0   ROM Totals

==============================================================================

    Total RO  Size (Code + RO Data)                16800 (  16.41kB)
    Total RW  Size (RW Data + ZI Data)              2488 (   2.43kB)
    Total ROM Size (Code + RO Data + RW Data)      16884 (  16.49kB)

==============================================================================

