<html>
<body>
<pre>
<h1>µVision Build Log</h1>
<h2>Tool Versions:</h2>
IDE-Version: ¶ÃVision V5.14.0.0
Copyright (C) 2015 ARM Ltd and ARM Germany GmbH. All rights reserved.
License Information: x xiali, x, LIC=----
 
Tool Versions:
Toolchain:       MDK-Lite  Version: 5.14.0.0
Toolchain Path:  C:\Keil_v5\ARM\ARMCC\Bin
C Compiler:      Armcc.exe V5.05 update 1 (build 106)
Assembler:       Armasm.exe V5.05 update 1 (build 106)
Linker/Locator:  ArmLink.exe V5.05 update 1 (build 106)
Library Manager: ArmAr.exe V5.05 update 1 (build 106)
Hex Converter:   FromElf.exe V5.05 update 1 (build 106)
CPU DLL:         SARMCM3.DLL V5.14.0.0
Dialog DLL:      DARMCM1.DLL V1.12.0.0
Target DLL:      UL2CM3.DLL V1.155.0.0
Dialog DLL:      TARMCM1.DLL V1.9.0.0
 
<h2>Project:</h2>
C:\Users\xiali\Desktop\±œ…Ë\remoteDataAcquisition\RDACode\USER\RDA.uvprojx
Project File Date:  04/20/2017

<h2>Output:</h2>
Rebuild target 'Target 1'
assembling startup_stm32f030x8.s...
compiling system_stm32f0xx.c...
compiling stm32f0xx_karlboard.c...
stm32f0xx_karlboard.c(557): warning:  #177-D: function "SPIx_ReadByte" was declared but never referenced
  static void SPIx_ReadByte(uint8_t *DataOut)
stm32f0xx_karlboard.c: 1 warning, 0 errors
compiling stm32f0xx_it.c...
compiling stm32f0xx_hal_msp.c...
compiling main.c...
main.c(134): warning:  #111-D: statement is unreachable
                RS485_Send_Data(aTxBuffer,TXBUFFERSIZE);
main.c: 1 warning, 0 errors
compiling i2c.c...
compiling stm32f0xx_hal_gpio.c...
compiling stm32f0xx_hal_i2c.c...
compiling stm32f0xx_hal_spi.c...
compiling stm32f0xx_hal_uart.c...
compiling stm32f0xx_hal_adc.c...
compiling stm32f0xx_hal.c...
compiling stm32f0xx_hal_flash.c...
compiling stm32f0xx_hal_cortex.c...
compiling stm32f0xx_hal_rcc.c...
compiling stm32f0xx_hal_flash_ex.c...
compiling stm32f0xx_hal_dma.c...
compiling stm32f0xx_hal_uart_ex.c...
compiling stm32f0xx_hal_rcc_ex.c...
compiling stm32f0xx_hal_spi_ex.c...
compiling stm32f0xx_hal_adc_ex.c...
compiling stm32f0xx_hal_i2c_ex.c...
compiling oled.c...
compiling rs485.c...
compiling PHMeter.c...
compiling CRC16.c...
compiling delay.c...
compiling sys.c...
compiling usart.c...
linking...
Program Size: Code=14442 RO-data=2338 RW-data=84 ZI-data=2404  
FromELF: creating hex file...
"..\OBJ\RDA.axf" - 0 Error(s), 2 Warning(s).

<h2>Collection of Component include folders:</h2>
  C:\Users\xiali\Desktop\±œ…Ë\remoteDataAcquisition\RDACode\USER\RTE
  C:\Keil_v5\ARM\PACK\Keil\STM32F0xx_DFP\1.5.0

<h2>Collection of Component Files used:</h2>
</pre>
</body>
</html>
